Archive member included to satisfy reference by file (symbol)

C:/NXP/AMMCLIB/S32K14x_AMMCLIB_v1.1.34/lib/s32ds_arm32\S32K14x_AMMCLIB.a(GDFLIB_FilterMA_c.o)
                              ./Sources/main.o (GDFLIB_FilterMAInit_FLT)
C:/NXP/AMMCLIB/S32K14x_AMMCLIB_v1.1.34/lib/s32ds_arm32\S32K14x_AMMCLIB.a(GFLIB_ControllerPIpAW_c.o)
                              ./Sources/main.o (GFLIB_ControllerPIpAW_FLT)
C:/NXP/AMMCLIB/S32K14x_AMMCLIB_v1.1.34/lib/s32ds_arm32\S32K14x_AMMCLIB.a(GFLIB_Ramp_c.o)
                              ./Sources/main.o (GFLIB_Ramp_FLT)
c:/nxp/s32ds_arm_v2.2/s32ds/build_tools/gcc_v6.3/gcc-6.3-arm32-eabi/bin/../lib/gcc/arm-none-eabi/6.3.1/thumb/v7e-m/fpv4-sp/hard\libgcc.a(_aeabi_uldivmod.o)
                              ./SDK/platform/drivers/src/lpit/lpit_driver.o (__aeabi_uldivmod)
c:/nxp/s32ds_arm_v2.2/s32ds/build_tools/gcc_v6.3/gcc-6.3-arm32-eabi/bin/../lib/gcc/arm-none-eabi/6.3.1/thumb/v7e-m/fpv4-sp/hard\libgcc.a(_udivmoddi4.o)
                              c:/nxp/s32ds_arm_v2.2/s32ds/build_tools/gcc_v6.3/gcc-6.3-arm32-eabi/bin/../lib/gcc/arm-none-eabi/6.3.1/thumb/v7e-m/fpv4-sp/hard\libgcc.a(_aeabi_uldivmod.o) (__udivmoddi4)
c:/nxp/s32ds_arm_v2.2/s32ds/build_tools/gcc_v6.3/gcc-6.3-arm32-eabi/bin/../lib/gcc/arm-none-eabi/6.3.1/thumb/v7e-m/fpv4-sp/hard\libgcc.a(_dvmd_tls.o)
                              c:/nxp/s32ds_arm_v2.2/s32ds/build_tools/gcc_v6.3/gcc-6.3-arm32-eabi/bin/../lib/gcc/arm-none-eabi/6.3.1/thumb/v7e-m/fpv4-sp/hard\libgcc.a(_aeabi_uldivmod.o) (__aeabi_ldiv0)
C:/NXP/S32DS_ARM_v2.2/S32DS/build_tools/gcc_v6.3/gcc-6.3-arm32-eabi/arm-none-eabi/newlib/lib/thumb/v7e-m/fpv4-sp/hard\libc_nano.a(lib_a-exit.o)
                              C:/NXP/S32DS_ARM_v2.2/S32DS/build_tools/gcc_v6.3/gcc-6.3-arm32-eabi/arm-none-eabi/newlib/lib/thumb/v7e-m/fpv4-sp/hard/crt0.o (exit)
C:/NXP/S32DS_ARM_v2.2/S32DS/build_tools/gcc_v6.3/gcc-6.3-arm32-eabi/arm-none-eabi/newlib/lib/thumb/v7e-m/fpv4-sp/hard\libc_nano.a(lib_a-impure.o)
                              C:/NXP/S32DS_ARM_v2.2/S32DS/build_tools/gcc_v6.3/gcc-6.3-arm32-eabi/arm-none-eabi/newlib/lib/thumb/v7e-m/fpv4-sp/hard\libc_nano.a(lib_a-exit.o) (_global_impure_ptr)
C:/NXP/S32DS_ARM_v2.2/S32DS/build_tools/gcc_v6.3/gcc-6.3-arm32-eabi/arm-none-eabi/newlib/lib/thumb/v7e-m/fpv4-sp/hard\libc_nano.a(lib_a-init.o)
                              C:/NXP/S32DS_ARM_v2.2/S32DS/build_tools/gcc_v6.3/gcc-6.3-arm32-eabi/arm-none-eabi/newlib/lib/thumb/v7e-m/fpv4-sp/hard/crt0.o (__libc_init_array)
C:/NXP/S32DS_ARM_v2.2/S32DS/build_tools/gcc_v6.3/gcc-6.3-arm32-eabi/arm-none-eabi/newlib/lib/thumb/v7e-m/fpv4-sp/hard\libc_nano.a(lib_a-memcpy-stub.o)
                              ./SDK/platform/devices/startup.o (memcpy)
C:/NXP/S32DS_ARM_v2.2/S32DS/build_tools/gcc_v6.3/gcc-6.3-arm32-eabi/arm-none-eabi/newlib/lib/thumb/v7e-m/fpv4-sp/hard\libc_nano.a(lib_a-memset.o)
                              C:/NXP/S32DS_ARM_v2.2/S32DS/build_tools/gcc_v6.3/gcc-6.3-arm32-eabi/arm-none-eabi/newlib/lib/thumb/v7e-m/fpv4-sp/hard/crt0.o (memset)
C:/NXP/S32DS_ARM_v2.2/S32DS/build_tools/gcc_v6.3/gcc-6.3-arm32-eabi/arm-none-eabi/newlib/lib/thumb/v7e-m/fpv4-sp/hard\libnosys.a(_exit.o)
                              C:/NXP/S32DS_ARM_v2.2/S32DS/build_tools/gcc_v6.3/gcc-6.3-arm32-eabi/arm-none-eabi/newlib/lib/thumb/v7e-m/fpv4-sp/hard\libc_nano.a(lib_a-exit.o) (_exit)

Allocating common symbols
Common symbol       size              file

period6ZC           0x4               ./Sources/main.o
freewheelTimer      0x2               ./Sources/main.o
debugTminLim        0x2               ./Sources/main.o
lpuart1_State       0x34              ./Generated_Code/lpuart1.o
pcm_pRecVarAddr     0x20              ./FreeMaster_S32xx/src_common/freemaster_rec.o
period6Hall         0x4               ./Sources/main.o
pcm_wRecBuffStartIx
                    0x2               ./FreeMaster_S32xx/src_common/freemaster_rec.o
speedRampPrms       0xc               ./Sources/main.o
debugTmaxLim        0x2               ./Sources/main.o
faultSwitchClear    0x1               ./Sources/main.o
g_xtal0ClkFreq      0x4               ./SDK/platform/drivers/src/clock/S32K1xx/clock_S32K1xx.o
gd3000Status        0x2               ./Sources/main.o
speedPIPrms         0x1c              ./Sources/main.o
calibTimer          0x2               ./Sources/main.o
fm_voltage          0x4               ./Sources/main.o
pcm_dwRecEndBuffPtr
                    0x4               ./FreeMaster_S32xx/src_common/freemaster_rec.o
bemfVoltageOld      0x4               ./Sources/main.o
alignmentTimer      0x2               ./Sources/main.o
pcm_pRecVarSize     0x8               ./FreeMaster_S32xx/src_common/freemaster_rec.o
pcm_wRecTotalSmps   0x2               ./FreeMaster_S32xx/src_common/freemaster_rec.o
stallCheckCounter   0x2               ./Sources/main.o
Idcb_filt           0x8               ./Sources/main.o
ftm2Ch1XorSignal    0x1               ./Sources/main.o
ActualCmtSector     0x1               ./Sources/main.o
[...]
Memory Configuration

Name             Origin             Length             Attributes
m_interrupts     0x00000000         0x00000400         xr
m_flash_config   0x00000400         0x00000010         xr
m_text           0x00000410         0x0007fbf0         xr
m_data           0x1fff8000         0x00008000         rw
m_data_2         0x20000000         0x00007000         rw
*default*        0x00000000         0xffffffff

Linker script and memory map

LOAD c:/nxp/s32ds_arm_v2.2/s32ds/build_tools/gcc_v6.3/gcc-6.3-arm32-eabi/bin/../lib/gcc/arm-none-eabi/6.3.1/thumb/v7e-m/fpv4-sp/hard/crti.o
LOAD c:/nxp/s32ds_arm_v2.2/s32ds/build_tools/gcc_v6.3/gcc-6.3-arm32-eabi/bin/../lib/gcc/arm-none-eabi/6.3.1/thumb/v7e-m/fpv4-sp/hard/crtbegin.o
LOAD C:/NXP/S32DS_ARM_v2.2/S32DS/build_tools/gcc_v6.3/gcc-6.3-arm32-eabi/arm-none-eabi/newlib/lib/thumb/v7e-m/fpv4-sp/hard/crt0.o
LOAD ./FreeMaster_S32xx/src_common/freemaster_appcmd.o
LOAD ./FreeMaster_S32xx/src_common/freemaster_bdm.o
LOAD ./FreeMaster_S32xx/src_common/freemaster_can.o
LOAD ./FreeMaster_S32xx/src_common/freemaster_lin.o
LOAD ./FreeMaster_S32xx/src_common/freemaster_pipes.o
LOAD ./FreeMaster_S32xx/src_common/freemaster_protocol.o
LOAD ./FreeMaster_S32xx/src_common/freemaster_rec.o
LOAD ./FreeMaster_S32xx/src_common/freemaster_scope.o
LOAD ./FreeMaster_S32xx/src_common/freemaster_serial.o
LOAD ./FreeMaster_S32xx/src_common/freemaster_sfio.o
LOAD ./FreeMaster_S32xx/src_common/freemaster_tsa.o
LOAD ./FreeMaster_S32xx/src_platforms/S32xx/freemaster_S32xx.o
LOAD ./Generated_Code/Cpu.o
LOAD ./Generated_Code/adConv0.o
LOAD ./Generated_Code/adConv1.o
LOAD ./Generated_Code/clockMan1.o
LOAD ./Generated_Code/dmaController1.o
LOAD ./Generated_Code/flexTimer_ic1.o
LOAD ./Generated_Code/flexTimer_mc0.o
LOAD ./Generated_Code/flexTimer_pwm3.o
LOAD ./Generated_Code/lpit0.o
LOAD ./Generated_Code/lpspiCom1.o
LOAD ./Generated_Code/lpuart1.o
LOAD ./Generated_Code/pdb0.o
LOAD ./Generated_Code/pdb1.o
LOAD ./Generated_Code/pin_mux.o
LOAD ./Generated_Code/pwrMan1.o
LOAD ./Generated_Code/trgmux1.o
LOAD ./Project_Settings/Startup_Code/startup_S32K144.o
LOAD ./SDK/platform/devices/S32K144/startup/system_S32K144.o
LOAD ./SDK/platform/devices/startup.o
LOAD ./SDK/platform/drivers/src/adc/adc_driver.o
LOAD ./SDK/platform/drivers/src/clock/S32K1xx/clock_S32K1xx.o
LOAD ./SDK/platform/drivers/src/edma/edma_driver.o
LOAD ./SDK/platform/drivers/src/edma/edma_hw_access.o
LOAD ./SDK/platform/drivers/src/edma/edma_irq.o
LOAD ./SDK/platform/drivers/src/ftm/ftm_common.o
LOAD ./SDK/platform/drivers/src/ftm/ftm_hw_access.o
LOAD ./SDK/platform/drivers/src/ftm/ftm_ic_driver.o
LOAD ./SDK/platform/drivers/src/ftm/ftm_mc_driver.o
LOAD ./SDK/platform/drivers/src/ftm/ftm_pwm_driver.o
LOAD ./SDK/platform/drivers/src/interrupt/interrupt_manager.o
LOAD ./SDK/platform/drivers/src/lpit/lpit_driver.o
LOAD ./SDK/platform/drivers/src/lpspi/lpspi_hw_access.o
LOAD ./SDK/platform/drivers/src/lpspi/lpspi_irq.o
LOAD ./SDK/platform/drivers/src/lpspi/lpspi_master_driver.o
LOAD ./SDK/platform/drivers/src/lpspi/lpspi_shared_function.o
LOAD ./SDK/platform/drivers/src/lpspi/lpspi_slave_driver.o
LOAD ./SDK/platform/drivers/src/lpuart/lpuart_driver.o
LOAD ./SDK/platform/drivers/src/lpuart/lpuart_hw_access.o
LOAD ./SDK/platform/drivers/src/lpuart/lpuart_irq.o
LOAD ./SDK/platform/drivers/src/pdb/pdb_driver.o
LOAD ./SDK/platform/drivers/src/pdb/pdb_hw_access.o
LOAD ./SDK/platform/drivers/src/pins/pins_driver.o
LOAD ./SDK/platform/drivers/src/pins/pins_port_hw_access.o
LOAD ./SDK/platform/drivers/src/power/S32K1xx/power_manager_S32K1xx.o
LOAD ./SDK/platform/drivers/src/power/S32K1xx/power_smc_hw_access.o
LOAD ./SDK/platform/drivers/src/power/power_manager.o
LOAD ./SDK/platform/drivers/src/trgmux/trgmux_driver.o
LOAD ./SDK/platform/drivers/src/trgmux/trgmux_hw_access.o
LOAD ./SDK/rtos/osif/osif_baremetal.o
LOAD ./Sources/GD3000/aml/spi_aml/spi_aml.o
LOAD ./Sources/GD3000/aml/wait_aml/wait_aml.o
LOAD ./Sources/GD3000/gd3000_init.o
LOAD ./Sources/GD3000/tpp/tpp.o
LOAD ./Sources/Peripherals/peripherals_config.o
LOAD ./Sources/actuate_s32k.o
LOAD ./Sources/hall_sensor.o
LOAD ./Sources/main.o
LOAD ./Sources/meas_s32k.o
LOAD ./Sources/state_machine.o
LOAD C:/NXP/AMMCLIB/S32K14x_AMMCLIB_v1.1.34/lib/s32ds_arm32\S32K14x_AMMCLIB.a
START GROUP
LOAD c:/nxp/s32ds_arm_v2.2/s32ds/build_tools/gcc_v6.3/gcc-6.3-arm32-eabi/bin/../lib/gcc/arm-none-eabi/6.3.1/thumb/v7e-m/fpv4-sp/hard\libgcc.a
LOAD C:/NXP/S32DS_ARM_v2.2/S32DS/build_tools/gcc_v6.3/gcc-6.3-arm32-eabi/arm-none-eabi/newlib/lib/thumb/v7e-m/fpv4-sp/hard\libc_nano.a
END GROUP
START GROUP
LOAD c:/nxp/s32ds_arm_v2.2/s32ds/build_tools/gcc_v6.3/gcc-6.3-arm32-eabi/bin/../lib/gcc/arm-none-eabi/6.3.1/thumb/v7e-m/fpv4-sp/hard\libgcc.a
LOAD C:/NXP/S32DS_ARM_v2.2/S32DS/build_tools/gcc_v6.3/gcc-6.3-arm32-eabi/arm-none-eabi/newlib/lib/thumb/v7e-m/fpv4-sp/hard\libc_nano.a
LOAD C:/NXP/S32DS_ARM_v2.2/S32DS/build_tools/gcc_v6.3/gcc-6.3-arm32-eabi/arm-none-eabi/newlib/lib/thumb/v7e-m/fpv4-sp/hard\libnosys.a
END GROUP
START GROUP
LOAD c:/nxp/s32ds_arm_v2.2/s32ds/build_tools/gcc_v6.3/gcc-6.3-arm32-eabi/bin/../lib/gcc/arm-none-eabi/6.3.1/thumb/v7e-m/fpv4-sp/hard\libgcc.a
LOAD C:/NXP/S32DS_ARM_v2.2/S32DS/build_tools/gcc_v6.3/gcc-6.3-arm32-eabi/arm-none-eabi/newlib/lib/thumb/v7e-m/fpv4-sp/hard\libc_nano.a
LOAD C:/NXP/S32DS_ARM_v2.2/S32DS/build_tools/gcc_v6.3/gcc-6.3-arm32-eabi/arm-none-eabi/newlib/lib/thumb/v7e-m/fpv4-sp/hard\libnosys.a
END GROUP
LOAD c:/nxp/s32ds_arm_v2.2/s32ds/build_tools/gcc_v6.3/gcc-6.3-arm32-eabi/bin/../lib/gcc/arm-none-eabi/6.3.1/thumb/v7e-m/fpv4-sp/hard/crtend.o
LOAD c:/nxp/s32ds_arm_v2.2/s32ds/build_tools/gcc_v6.3/gcc-6.3-arm32-eabi/bin/../lib/gcc/arm-none-eabi/6.3.1/thumb/v7e-m/fpv4-sp/hard/crtn.o
                0x00000400                HEAP_SIZE = DEFINED (__heap_size__)?__heap_size__:0x400
                0x00000400                STACK_SIZE = DEFINED (__stack_size__)?__stack_size__:0x400
                0x00000400                M_VECTOR_RAM_SIZE = DEFINED (__flash_vector_table__)?0x0:0x400

.interrupts     0x00000000      0x400
                0x00000000                __VECTOR_TABLE = .
                0x00000000                __interrupts_start__ = .
                0x00000000                . = ALIGN (0x4)
 *(.isr_vector)
 .isr_vector    0x00000000      0x400 ./Project_Settings/Startup_Code/startup_S32K144.o
                0x00000000                __isr_vector
                0x00000400                __interrupts_end__ = .
                0x00000400                . = ALIGN (0x4)

.flash_config   0x00000400       0x10
                0x00000400                . = ALIGN (0x4)
 *(.FlashConfig)
 .FlashConfig   0x00000400       0x10 ./Project_Settings/Startup_Code/startup_S32K144.o
                0x00000410                . = ALIGN (0x4)

.text           0x00000410     0xac74
                0x00000410                . = ALIGN (0x4)
 *(.text)
 .text          0x00000410       0x4c ./Project_Settings/Startup_Code/startup_S32K144.o
                0x00000410                Reset_Handler
                0x00000458                DebugMon_Handler
                0x00000458                Reserved88_IRQHandler
                0x00000458                CAN0_ORed_IRQHandler
                0x00000458                HardFault_Handler
                0x00000458                Reserved86_IRQHandler
                0x00000458                Reserved103_IRQHandler
                0x00000458                FTM2_Ovf_Reload_IRQHandler
                0x00000458                Reserved50_IRQHandler
                0x00000458                FTFC_Fault_IRQHandler
                0x00000458                Reserved114_IRQHandler
                0x00000458                PendSV_Handler
                0x00000458                NMI_Handler
                0x00000458                Reserved89_IRQHandler
                0x00000458                ERM_double_fault_IRQHandler
                0x00000458                Reserved59_IRQHandler
                0x00000458                Reserved99_IRQHandler
                0x00000458                CAN2_ORed_0_15_MB_IRQHandler
                0x00000458                LPIT0_Ch3_IRQHandler
                0x00000458                Reserved92_IRQHandler
                0x00000458                CAN1_Error_IRQHandler
                0x00000458                SWI_IRQHandler
                0x00000458                ADC0_IRQHandler
                0x00000458                UsageFault_Handler
                0x00000458                FTM0_Ovf_Reload_IRQHandler
                0x00000458                DefaultISR
                0x00000458                Reserved58_IRQHandler
                0x00000458                CAN1_ORed_0_15_MB_IRQHandler
                0x00000458                Reserved82_IRQHandler
                0x00000458                CAN0_ORed_16_31_MB_IRQHandler
                0x00000458                LPI2C0_Slave_IRQHandler
                0x00000458                Reserved71_IRQHandler
                0x00000458                PORTD_IRQHandler
                0x00000458                Reserved69_IRQHandler
                0x00000458                PORTB_IRQHandler
                0x00000458                Reserved70_IRQHandler
                0x00000458                Reserved53_IRQHandler
                0x00000458                RTC_IRQHandler
                0x00000458                Reserved54_IRQHandler
                0x00000458                LPUART1_RxTx_IRQHandler
                0x00000458                RTC_Seconds_IRQHandler
                0x00000458                CAN2_ORed_IRQHandler
                0x00000458                Reserved72_IRQHandler
                0x00000458                Reserved110_IRQHandler
                0x00000458                Reserved107_IRQHandler
                0x00000458                Read_Collision_IRQHandler
                0x00000458                CAN2_Error_IRQHandler
                0x00000458                FTFC_IRQHandler
                0x00000458                Reserved105_IRQHandler
                0x00000458                LPIT0_Ch1_IRQHandler
                0x00000458                FTM3_Ovf_Reload_IRQHandler
                0x00000458                LPUART2_RxTx_IRQHandler
                0x00000458                WDOG_EWM_IRQHandler
                0x00000458                MemManage_Handler
                0x00000458                Reserved90_IRQHandler
                0x00000458                Reserved83_IRQHandler
                0x00000458                FTM0_Fault_IRQHandler
                0x00000458                Reserved48_IRQHandler
                0x00000458                SVC_Handler
                0x00000458                ERM_single_fault_IRQHandler
                0x00000458                FTM2_Fault_IRQHandler
                0x00000458                FTM3_Fault_IRQHandler
                0x00000458                RCM_IRQHandler
                0x00000458                Reserved100_IRQHandler
                0x00000458                Reserved91_IRQHandler
                0x00000458                CAN1_ORed_IRQHandler
                0x00000458                SCG_IRQHandler
                0x00000458                Reserved81_IRQHandler
                0x00000458                Reserved46_IRQHandler
                0x00000458                Reserved45_IRQHandler
                0x00000458                CAN0_Error_IRQHandler
                0x00000458                Reserved112_IRQHandler
                0x00000458                LPI2C0_Master_IRQHandler
                0x00000458                FTM1_Fault_IRQHandler
                0x00000458                Reserved106_IRQHandler
                0x00000458                LVD_LVW_IRQHandler
                0x00000458                LPIT0_Ch2_IRQHandler
                0x00000458                PORTA_IRQHandler
                0x00000458                MCM_IRQHandler
                0x00000458                CAN0_ORed_0_15_MB_IRQHandler
                0x00000458                LPUART0_RxTx_IRQHandler
                0x00000458                LPTMR0_IRQHandler
                0x00000458                BusFault_Handler
                0x00000458                Reserved87_IRQHandler
                0x00000458                FTM1_Ovf_Reload_IRQHandler
                0x00000458                Reserved93_IRQHandler
                0x00000458                CAN0_Wake_Up_IRQHandler
                0x00000458                CMP0_IRQHandler
                0x00000458                Reserved52_IRQHandler
                0x00000458                PORTC_IRQHandler
                0x00000458                FLEXIO_IRQHandler
                0x00000458                Reserved113_IRQHandler
 .text          0x0000045c       0x30 c:/nxp/s32ds_arm_v2.2/s32ds/build_tools/gcc_v6.3/gcc-6.3-arm32-eabi/bin/../lib/gcc/arm-none-eabi/6.3.1/thumb/v7e-m/fpv4-sp/hard\libgcc.a(_aeabi_uldivmod.o)
                0x0000045c                __aeabi_uldivmod
 .text          0x0000048c      0x2e4 c:/nxp/s32ds_arm_v2.2/s32ds/build_tools/gcc_v6.3/gcc-6.3-arm32-eabi/bin/../lib/gcc/arm-none-eabi/6.3.1/thumb/v7e-m/fpv4-sp/hard\libgcc.a(_udivmoddi4.o)
                0x0000048c                __udivmoddi4
 .text          0x00000770        0x4 c:/nxp/s32ds_arm_v2.2/s32ds/build_tools/gcc_v6.3/gcc-6.3-arm32-eabi/bin/../lib/gcc/arm-none-eabi/6.3.1/thumb/v7e-m/fpv4-sp/hard\libgcc.a(_dvmd_tls.o)
                0x00000770                __aeabi_idiv0
                0x00000770                __aeabi_ldiv0
 *(.text*)
 .text.FMSTR_InitAppCmds
                0x00000774       0x34 ./FreeMaster_S32xx/src_common/freemaster_appcmd.o
                0x00000774                FMSTR_InitAppCmds
 .text.FMSTR_StoreAppCmd
                0x000007a8       0x64 ./FreeMaster_S32xx/src_common/freemaster_appcmd.o
                0x000007a8                FMSTR_StoreAppCmd
 .text.FMSTR_GetAppCmdStatus
                0x0000080c       0x7c ./FreeMaster_S32xx/src_common/freemaster_appcmd.o
                0x0000080c                FMSTR_GetAppCmdStatus
 .text.FMSTR_GetAppCmdRespData
                0x00000888       0x4c ./FreeMaster_S32xx/src_common/freemaster_appcmd.o
                0x00000888                FMSTR_GetAppCmdRespData
 .text.FMSTR_Init
                0x000008d4       0x20 ./FreeMaster_S32xx/src_common/freemaster_protocol.o
                0x000008d4                FMSTR_Init
 .text.FMSTR_ProtocolDecoder
                0x000008f4      0x2e0 ./FreeMaster_S32xx/src_common/freemaster_protocol.o
                0x000008f4                FMSTR_ProtocolDecoder
 .text.FMSTR_StrLen
                0x00000bd4       0x1c ./FreeMaster_S32xx/src_common/freemaster_protocol.o
                0x00000bd4                FMSTR_StrLen
 .text.FMSTR_Compare8S
                0x00000bf0       0x20 ./FreeMaster_S32xx/src_common/freemaster_rec.o
 .text.FMSTR_Compare8U
                0x00000c10       0x1c ./FreeMaster_S32xx/src_common/freemaster_rec.o
 .text.FMSTR_Compare16S
                0x00000c2c       0x20 ./FreeMaster_S32xx/src_common/freemaster_rec.o
 .text.FMSTR_Compare16U
                0x00000c4c       0x1c ./FreeMaster_S32xx/src_common/freemaster_rec.o
 .text.FMSTR_Compare32S
                0x00000c68       0x1c ./FreeMaster_S32xx/src_common/freemaster_rec.o
 .text.FMSTR_Compare32U
                0x00000c84       0x1c ./FreeMaster_S32xx/src_common/freemaster_rec.o
 .text.FMSTR_Comparefloat
                0x00000ca0       0x28 ./FreeMaster_S32xx/src_common/freemaster_rec.o
 .text.FMSTR_InitRec
                0x00000cc8       0x1c ./FreeMaster_S32xx/src_common/freemaster_rec.o
                0x00000cc8                FMSTR_InitRec
 .text.FMSTR_SetUpRec
                0x00000ce4      0x1c4 ./FreeMaster_S32xx/src_common/freemaster_rec.o
                0x00000ce4                FMSTR_SetUpRec
 .text.FMSTR_StartRec
                0x00000ea8       0x70 ./FreeMaster_S32xx/src_common/freemaster_rec.o
                0x00000ea8                FMSTR_StartRec
 .text.FMSTR_StopRec
                0x00000f18       0x54 ./FreeMaster_S32xx/src_common/freemaster_rec.o
                0x00000f18                FMSTR_StopRec
 .text.FMSTR_GetRecStatus
                0x00000f6c       0x24 ./FreeMaster_S32xx/src_common/freemaster_rec.o
                0x00000f6c                FMSTR_GetRecStatus
 .text.FMSTR_GetRecBuffSize
                0x00000f90        0x8 ./FreeMaster_S32xx/src_common/freemaster_rec.o
                0x00000f90                FMSTR_GetRecBuffSize
 .text.FMSTR_IsInRecBuffer
                0x00000f98       0x20 ./FreeMaster_S32xx/src_common/freemaster_rec.o
                0x00000f98                FMSTR_IsInRecBuffer
 .text.FMSTR_GetRecBuff
                0x00000fb8       0x58 ./FreeMaster_S32xx/src_common/freemaster_rec.o
                0x00000fb8                FMSTR_GetRecBuff
 .text.FMSTR_Recorder
                0x00001010      0x124 ./FreeMaster_S32xx/src_common/freemaster_rec.o
                0x00001010                FMSTR_Recorder
 .text.FMSTR_InitScope
                0x00001134        0x4 ./FreeMaster_S32xx/src_common/freemaster_scope.o
                0x00001134                FMSTR_InitScope
 .text.FMSTR_SetUpScope
                0x00001138       0x9c ./FreeMaster_S32xx/src_common/freemaster_scope.o
                0x00001138                FMSTR_SetUpScope
 .text.FMSTR_ReadScope
                0x000011d4       0x3c ./FreeMaster_S32xx/src_common/freemaster_scope.o
                0x000011d4                FMSTR_ReadScope
 .text.FMSTR_SendResponse
                0x00001210       0x90 ./FreeMaster_S32xx/src_common/freemaster_serial.o
                0x00001210                FMSTR_SendResponse
 .text.FMSTR_InitSerial
                0x000012a0       0x48 ./FreeMaster_S32xx/src_common/freemaster_serial.o
                0x000012a0                FMSTR_InitSerial
 .text.FMSTR_Poll
                0x000012e8      0x234 ./FreeMaster_S32xx/src_common/freemaster_serial.o
                0x000012e8                FMSTR_Poll
 .text.FMSTR_InitTsa
                0x0000151c       0x1c ./FreeMaster_S32xx/src_common/freemaster_tsa.o
                0x0000151c                FMSTR_InitTsa
 .text.FMSTR_TsaGetTable_dynamic_tsa
                0x00001538       0x18 ./FreeMaster_S32xx/src_common/freemaster_tsa.o
                0x00001538                FMSTR_TsaGetTable_dynamic_tsa
 .text.FMSTR_GetTsaInfo
                0x00001550       0x54 ./FreeMaster_S32xx/src_common/freemaster_tsa.o
                0x00001550                FMSTR_GetTsaInfo
 .text.FMSTR_GetStringLen
                0x000015a4       0x28 ./FreeMaster_S32xx/src_common/freemaster_tsa.o
                0x000015a4                FMSTR_GetStringLen
 .text.FMSTR_CheckTsaSpace
                0x000015cc      0x120 ./FreeMaster_S32xx/src_common/freemaster_tsa.o
                0x000015cc                FMSTR_CheckTsaSpace
 .text.FMSTR_CopyMemory
                0x000016ec       0xe0 ./FreeMaster_S32xx/src_platforms/S32xx/freemaster_S32xx.o
                0x000016ec                FMSTR_CopyMemory
 .text.FMSTR_CopyToBuffer
                0x000017cc       0xec ./FreeMaster_S32xx/src_platforms/S32xx/freemaster_S32xx.o
                0x000017cc                FMSTR_CopyToBuffer
 .text.FMSTR_CopyFromBuffer
                0x000018b8       0xf0 ./FreeMaster_S32xx/src_platforms/S32xx/freemaster_S32xx.o
                0x000018b8                FMSTR_CopyFromBuffer
 .text.FMSTR_ValueFromBuffer16
                0x000019a8        0xc ./FreeMaster_S32xx/src_platforms/S32xx/freemaster_S32xx.o
                0x000019a8                FMSTR_ValueFromBuffer16
 .text.FMSTR_ValueFromBuffer32
                0x000019b4       0x28 ./FreeMaster_S32xx/src_platforms/S32xx/freemaster_S32xx.o
                0x000019b4                FMSTR_ValueFromBuffer32
 .text.FMSTR_ValueToBuffer16
                0x000019dc       0x10 ./FreeMaster_S32xx/src_platforms/S32xx/freemaster_S32xx.o
                0x000019dc                FMSTR_ValueToBuffer16
 .text.FMSTR_CopyFromBufferWithMask
                0x000019ec      0x1a0 ./FreeMaster_S32xx/src_platforms/S32xx/freemaster_S32xx.o
                0x000019ec                FMSTR_CopyFromBufferWithMask
 .text.FMSTR_SetExAddr
                0x00001b8c        0xc ./FreeMaster_S32xx/src_platforms/S32xx/freemaster_S32xx.o
                0x00001b8c                FMSTR_SetExAddr
 .text.FMSTR_AddressToBuffer
                0x00001b98       0x30 ./FreeMaster_S32xx/src_platforms/S32xx/freemaster_S32xx.o
                0x00001b98                FMSTR_AddressToBuffer
 .text.FMSTR_AddressFromBuffer
                0x00001bc8       0x40 ./FreeMaster_S32xx/src_platforms/S32xx/freemaster_S32xx.o
                0x00001bc8                FMSTR_AddressFromBuffer
 .text.SystemInit
                0x00001c08       0x3c ./SDK/platform/devices/S32K144/startup/system_S32K144.o
                0x00001c08                SystemInit
 .text.init_data_bss
                0x00001c44       0x9c ./SDK/platform/devices/startup.o
                0x00001c44                init_data_bss
 .text.ADC_DRV_ConfigConverter
                0x00001ce0      0x180 ./SDK/platform/drivers/src/adc/adc_driver.o
                0x00001ce0                ADC_DRV_ConfigConverter
 .text.ADC_DRV_ConfigChan
                0x00001e60       0x5c ./SDK/platform/drivers/src/adc/adc_driver.o
                0x00001e60                ADC_DRV_ConfigChan
 .text.ADC_DRV_GetChanResult
                0x00001ebc       0x18 ./SDK/platform/drivers/src/adc/adc_driver.o
                0x00001ebc                ADC_DRV_GetChanResult
 .text.CLOCK_SYS_ConfigureFIRC
                0x00001ed4       0xd8 ./SDK/platform/drivers/src/clock/S32K1xx/clock_S32K1xx.o
 .text.CLOCK_SYS_ConfigureSOSC
                0x00001fac      0x134 ./SDK/platform/drivers/src/clock/S32K1xx/clock_S32K1xx.o
 .text.CLOCK_SYS_GetSysPllFreq.part.1
                0x000020e0       0x3c ./SDK/platform/drivers/src/clock/S32K1xx/clock_S32K1xx.o
 .text.CLOCK_SYS_ConfigureSIRC
                0x0000211c       0xd0 ./SDK/platform/drivers/src/clock/S32K1xx/clock_S32K1xx.o
 .text.CLOCK_SYS_ConfigureSPLL
                0x000021ec      0x150 ./SDK/platform/drivers/src/clock/S32K1xx/clock_S32K1xx.o
 .text.CLOCK_SYS_GetPeripheralClock
                0x0000233c      0x1a0 ./SDK/platform/drivers/src/clock/S32K1xx/clock_S32K1xx.o
 .text.CLOCK_SYS_GetSystemClockFreq
                0x000024dc       0xec ./SDK/platform/drivers/src/clock/S32K1xx/clock_S32K1xx.o
 .text.CLOCK_SYS_SetSystemClockConfig
                0x000025c8      0x24c ./SDK/platform/drivers/src/clock/S32K1xx/clock_S32K1xx.o
 .text.CLOCK_SYS_TransitionSystemClock
                0x00002814      0x314 ./SDK/platform/drivers/src/clock/S32K1xx/clock_S32K1xx.o
 .text.CLOCK_SYS_GetScgClkOutFreq
                0x00002b28      0x168 ./SDK/platform/drivers/src/clock/S32K1xx/clock_S32K1xx.o
 .text.CLOCK_SYS_GetSimClkOutFreq.part.5
                0x00002c90      0x188 ./SDK/platform/drivers/src/clock/S32K1xx/clock_S32K1xx.o
 .text.CLOCK_DRV_Init
                0x00002e18      0x588 ./SDK/platform/drivers/src/clock/S32K1xx/clock_S32K1xx.o
                0x00002e18                CLOCK_DRV_Init
 .text.CLOCK_DRV_SetSystemClock
                0x000033a0      0x3c0 ./SDK/platform/drivers/src/clock/S32K1xx/clock_S32K1xx.o
                0x000033a0                CLOCK_DRV_SetSystemClock
 .text.CLOCK_DRV_GetSystemClockSource
                0x00003760       0x54 ./SDK/platform/drivers/src/clock/S32K1xx/clock_S32K1xx.o
                0x00003760                CLOCK_DRV_GetSystemClockSource
 .text.CLOCK_SYS_Init
                0x000037b4       0x1c ./SDK/platform/drivers/src/clock/S32K1xx/clock_S32K1xx.o
                0x000037b4                CLOCK_SYS_Init
 .text.CLOCK_SYS_UpdateConfiguration
                0x000037d0      0x168 ./SDK/platform/drivers/src/clock/S32K1xx/clock_S32K1xx.o
                0x000037d0                CLOCK_SYS_UpdateConfiguration
 .text.CLOCK_SYS_GetFreq
                0x00003938      0x4cc ./SDK/platform/drivers/src/clock/S32K1xx/clock_S32K1xx.o
                0x00003938                CLOCK_SYS_GetFreq
 .text.EDMA_DRV_InstallCallback
                0x00003e04       0x20 ./SDK/platform/drivers/src/edma/edma_driver.o
                0x00003e04                EDMA_DRV_InstallCallback
 .text.EDMA_DRV_IRQHandler
                0x00003e24       0x28 ./SDK/platform/drivers/src/edma/edma_driver.o
                0x00003e24                EDMA_DRV_IRQHandler
 .text.EDMA_DRV_ErrorIRQHandler
                0x00003e4c       0x40 ./SDK/platform/drivers/src/edma/edma_driver.o
                0x00003e4c                EDMA_DRV_ErrorIRQHandler
 .text.EDMA_DRV_ConfigMultiBlockTransfer
                0x00003e8c      0x174 ./SDK/platform/drivers/src/edma/edma_driver.o
                0x00003e8c                EDMA_DRV_ConfigMultiBlockTransfer
 .text.EDMA_DRV_StartChannel
                0x00004000       0x18 ./SDK/platform/drivers/src/edma/edma_driver.o
                0x00004000                EDMA_DRV_StartChannel
 .text.EDMA_DRV_StopChannel
                0x00004018       0x18 ./SDK/platform/drivers/src/edma/edma_driver.o
                0x00004018                EDMA_DRV_StopChannel
 .text.EDMA_DRV_GetDmaRegBaseAddr
                0x00004030        0x8 ./SDK/platform/drivers/src/edma/edma_driver.o
                0x00004030                EDMA_DRV_GetDmaRegBaseAddr
 .text.EDMA_SetDmaRequestCmd
                0x00004038        0xc ./SDK/platform/drivers/src/edma/edma_hw_access.o
                0x00004038                EDMA_SetDmaRequestCmd
 .text.EDMA_TCDClearReg
                0x00004044       0x54 ./SDK/platform/drivers/src/edma/edma_hw_access.o
                0x00004044                EDMA_TCDClearReg
 .text.EDMA_TCDSetAttribute
                0x00004098       0x30 ./SDK/platform/drivers/src/edma/edma_hw_access.o
                0x00004098                EDMA_TCDSetAttribute
 .text.EDMA_TCDSetNbytes
                0x000040c8       0x50 ./SDK/platform/drivers/src/edma/edma_hw_access.o
                0x000040c8                EDMA_TCDSetNbytes
 .text.EDMA_TCDSetMajorCount
                0x00004118       0x4c ./SDK/platform/drivers/src/edma/edma_hw_access.o
                0x00004118                EDMA_TCDSetMajorCount
 .text.DMA0_IRQHandler
                0x00004164        0x8 ./SDK/platform/drivers/src/edma/edma_irq.o
                0x00004164                DMA0_IRQHandler
 .text.DMA1_IRQHandler
                0x0000416c        0x8 ./SDK/platform/drivers/src/edma/edma_irq.o
                0x0000416c                DMA1_IRQHandler
 .text.DMA2_IRQHandler
                0x00004174        0x8 ./SDK/platform/drivers/src/edma/edma_irq.o
                0x00004174                DMA2_IRQHandler
 .text.DMA3_IRQHandler
                0x0000417c        0x8 ./SDK/platform/drivers/src/edma/edma_irq.o
                0x0000417c                DMA3_IRQHandler
 .text.DMA4_IRQHandler
                0x00004184        0x8 ./SDK/platform/drivers/src/edma/edma_irq.o
                0x00004184                DMA4_IRQHandler
 .text.DMA5_IRQHandler
                0x0000418c        0x8 ./SDK/platform/drivers/src/edma/edma_irq.o
                0x0000418c                DMA5_IRQHandler
 .text.DMA6_IRQHandler
                0x00004194        0x8 ./SDK/platform/drivers/src/edma/edma_irq.o
                0x00004194                DMA6_IRQHandler
 .text.DMA7_IRQHandler
                0x0000419c        0x8 ./SDK/platform/drivers/src/edma/edma_irq.o
                0x0000419c                DMA7_IRQHandler
 .text.DMA8_IRQHandler
                0x000041a4        0x8 ./SDK/platform/drivers/src/edma/edma_irq.o
                0x000041a4                DMA8_IRQHandler
 .text.DMA9_IRQHandler
                0x000041ac        0x8 ./SDK/platform/drivers/src/edma/edma_irq.o
                0x000041ac                DMA9_IRQHandler
 .text.DMA10_IRQHandler
                0x000041b4        0x8 ./SDK/platform/drivers/src/edma/edma_irq.o
                0x000041b4                DMA10_IRQHandler
 .text.DMA11_IRQHandler
                0x000041bc        0x8 ./SDK/platform/drivers/src/edma/edma_irq.o
                0x000041bc                DMA11_IRQHandler
 .text.DMA12_IRQHandler
                0x000041c4        0x8 ./SDK/platform/drivers/src/edma/edma_irq.o
                0x000041c4                DMA12_IRQHandler
 .text.DMA13_IRQHandler
                0x000041cc        0x8 ./SDK/platform/drivers/src/edma/edma_irq.o
                0x000041cc                DMA13_IRQHandler
 .text.DMA14_IRQHandler
                0x000041d4        0x8 ./SDK/platform/drivers/src/edma/edma_irq.o
                0x000041d4                DMA14_IRQHandler
 .text.DMA15_IRQHandler
                0x000041dc        0x8 ./SDK/platform/drivers/src/edma/edma_irq.o
                0x000041dc                DMA15_IRQHandler
 .text.DMA_Error_IRQHandler
                0x000041e4       0xec ./SDK/platform/drivers/src/edma/edma_irq.o
                0x000041e4                DMA_Error_IRQHandler
 .text.FTM_DRV_MaskOutputChannels
                0x000042d0       0x1c ./SDK/platform/drivers/src/ftm/ftm_common.o
                0x000042d0                FTM_DRV_MaskOutputChannels
 .text.FTM_DRV_SetSync
                0x000042ec      0x1bc ./SDK/platform/drivers/src/ftm/ftm_common.o
                0x000042ec                FTM_DRV_SetSync
 .text.FTM_DRV_Init
                0x000044a8      0x158 ./SDK/platform/drivers/src/ftm/ftm_common.o
                0x000044a8                FTM_DRV_Init
 .text.FTM_DRV_ConvertFreqToPeriodTicks
                0x00004600       0x14 ./SDK/platform/drivers/src/ftm/ftm_common.o
                0x00004600                FTM_DRV_ConvertFreqToPeriodTicks
 .text.FTM_DRV_InitModule
                0x00004614       0x18 ./SDK/platform/drivers/src/ftm/ftm_hw_access.o
                0x00004614                FTM_DRV_InitModule
 .text.FTM_DRV_Reset
                0x0000462c       0x80 ./SDK/platform/drivers/src/ftm/ftm_hw_access.o
                0x0000462c                FTM_DRV_Reset
 .text.FTM_DRV_SetChnTriggerCmd
                0x000046ac       0x30 ./SDK/platform/drivers/src/ftm/ftm_hw_access.o
                0x000046ac                FTM_DRV_SetChnTriggerCmd
 .text.FTM_DRV_SetChnInputCaptureFilter
                0x000046dc       0x50 ./SDK/platform/drivers/src/ftm/ftm_hw_access.o
                0x000046dc                FTM_DRV_SetChnInputCaptureFilter
 .text.FTM_DRV_InitInputCapture
                0x0000472c      0x2a0 ./SDK/platform/drivers/src/ftm/ftm_ic_driver.o
                0x0000472c                FTM_DRV_InitInputCapture
 .text.FTM_DRV_GetInputCaptureMeasurement
                0x000049cc       0x14 ./SDK/platform/drivers/src/ftm/ftm_ic_driver.o
                0x000049cc                FTM_DRV_GetInputCaptureMeasurement
 .text.FTM0_Ch0_Ch1_IRQHandler
                0x000049e0       0x90 ./SDK/platform/drivers/src/ftm/ftm_ic_driver.o
                0x000049e0                FTM0_Ch0_Ch1_IRQHandler
 .text.FTM0_Ch2_Ch3_IRQHandler
                0x00004a70       0x8c ./SDK/platform/drivers/src/ftm/ftm_ic_driver.o
                0x00004a70                FTM0_Ch2_Ch3_IRQHandler
 .text.FTM0_Ch4_Ch5_IRQHandler
                0x00004afc       0x8c ./SDK/platform/drivers/src/ftm/ftm_ic_driver.o
                0x00004afc                FTM0_Ch4_Ch5_IRQHandler
 .text.FTM0_Ch6_Ch7_IRQHandler
                0x00004b88       0x8c ./SDK/platform/drivers/src/ftm/ftm_ic_driver.o
                0x00004b88                FTM0_Ch6_Ch7_IRQHandler
 .text.FTM1_Ch0_Ch1_IRQHandler
                0x00004c14       0x90 ./SDK/platform/drivers/src/ftm/ftm_ic_driver.o
                0x00004c14                FTM1_Ch0_Ch1_IRQHandler
 .text.FTM1_Ch2_Ch3_IRQHandler
                0x00004ca4       0x8c ./SDK/platform/drivers/src/ftm/ftm_ic_driver.o
                0x00004ca4                FTM1_Ch2_Ch3_IRQHandler
 .text.FTM1_Ch4_Ch5_IRQHandler
                0x00004d30       0x8c ./SDK/platform/drivers/src/ftm/ftm_ic_driver.o
                0x00004d30                FTM1_Ch4_Ch5_IRQHandler
 .text.FTM1_Ch6_Ch7_IRQHandler
                0x00004dbc       0x8c ./SDK/platform/drivers/src/ftm/ftm_ic_driver.o
                0x00004dbc                FTM1_Ch6_Ch7_IRQHandler
 .text.FTM2_Ch0_Ch1_IRQHandler
                0x00004e48       0x90 ./SDK/platform/drivers/src/ftm/ftm_ic_driver.o
                0x00004e48                FTM2_Ch0_Ch1_IRQHandler
 .text.FTM2_Ch2_Ch3_IRQHandler
                0x00004ed8       0x8c ./SDK/platform/drivers/src/ftm/ftm_ic_driver.o
                0x00004ed8                FTM2_Ch2_Ch3_IRQHandler
 .text.FTM2_Ch4_Ch5_IRQHandler
                0x00004f64       0x8c ./SDK/platform/drivers/src/ftm/ftm_ic_driver.o
                0x00004f64                FTM2_Ch4_Ch5_IRQHandler
 .text.FTM2_Ch6_Ch7_IRQHandler
                0x00004ff0       0x8c ./SDK/platform/drivers/src/ftm/ftm_ic_driver.o
                0x00004ff0                FTM2_Ch6_Ch7_IRQHandler
 .text.FTM3_Ch0_Ch1_IRQHandler
                0x0000507c       0x90 ./SDK/platform/drivers/src/ftm/ftm_ic_driver.o
                0x0000507c                FTM3_Ch0_Ch1_IRQHandler
 .text.FTM3_Ch2_Ch3_IRQHandler
                0x0000510c       0x8c ./SDK/platform/drivers/src/ftm/ftm_ic_driver.o
                0x0000510c                FTM3_Ch2_Ch3_IRQHandler
 .text.FTM3_Ch4_Ch5_IRQHandler
                0x00005198       0x8c ./SDK/platform/drivers/src/ftm/ftm_ic_driver.o
                0x00005198                FTM3_Ch4_Ch5_IRQHandler
 .text.FTM3_Ch6_Ch7_IRQHandler
                0x00005224       0x8c ./SDK/platform/drivers/src/ftm/ftm_ic_driver.o
                0x00005224                FTM3_Ch6_Ch7_IRQHandler
 .text.FTM_DRV_UpdatePwmChannel.constprop.8
                0x000052b0       0xdc ./SDK/platform/drivers/src/ftm/ftm_pwm_driver.o
 .text.FTM_DRV_InitPwm
                0x0000538c      0x70c ./SDK/platform/drivers/src/ftm/ftm_pwm_driver.o
                0x0000538c                FTM_DRV_InitPwm
 .text.FTM_DRV_FastUpdatePwmChannels
                0x00005a98       0x40 ./SDK/platform/drivers/src/ftm/ftm_pwm_driver.o
                0x00005a98                FTM_DRV_FastUpdatePwmChannels
 .text.INT_SYS_InstallHandler
                0x00005ad8       0x2c ./SDK/platform/drivers/src/interrupt/interrupt_manager.o
                0x00005ad8                INT_SYS_InstallHandler
 .text.INT_SYS_EnableIRQ
                0x00005b04       0x18 ./SDK/platform/drivers/src/interrupt/interrupt_manager.o
                0x00005b04                INT_SYS_EnableIRQ
 .text.INT_SYS_DisableIRQ
                0x00005b1c       0x1c ./SDK/platform/drivers/src/interrupt/interrupt_manager.o
                0x00005b1c                INT_SYS_DisableIRQ
 .text.INT_SYS_EnableIRQGlobal
                0x00005b38       0x18 ./SDK/platform/drivers/src/interrupt/interrupt_manager.o
                0x00005b38                INT_SYS_EnableIRQGlobal
 .text.INT_SYS_DisableIRQGlobal
                0x00005b50       0x10 ./SDK/platform/drivers/src/interrupt/interrupt_manager.o
                0x00005b50                INT_SYS_DisableIRQGlobal
 .text.INT_SYS_SetPriority
                0x00005b60       0x58 ./SDK/platform/drivers/src/interrupt/interrupt_manager.o
                0x00005b60                INT_SYS_SetPriority
 .text.LPIT_DRV_Init
                0x00005bb8       0xa8 ./SDK/platform/drivers/src/lpit/lpit_driver.o
                0x00005bb8                LPIT_DRV_Init
 .text.LPIT_DRV_InitChannel
                0x00005c60      0x1e0 ./SDK/platform/drivers/src/lpit/lpit_driver.o
                0x00005c60                LPIT_DRV_InitChannel
 .text.LPIT_DRV_StartTimerChannels
                0x00005e40       0x10 ./SDK/platform/drivers/src/lpit/lpit_driver.o
                0x00005e40                LPIT_DRV_StartTimerChannels
 .text.LPIT_DRV_ClearInterruptFlagTimerChannels
                0x00005e50        0xc ./SDK/platform/drivers/src/lpit/lpit_driver.o
                0x00005e50                LPIT_DRV_ClearInterruptFlagTimerChannels
 .text.LPSPI_Init
                0x00005e5c        0xc ./SDK/platform/drivers/src/lpspi/lpspi_hw_access.o
                0x00005e5c                LPSPI_Init
 .text.LPSPI_Disable
                0x00005e68       0x1c ./SDK/platform/drivers/src/lpspi/lpspi_hw_access.o
                0x00005e68                LPSPI_Disable
 .text.LPSPI_SetMasterSlaveMode
                0x00005e84       0x10 ./SDK/platform/drivers/src/lpspi/lpspi_hw_access.o
                0x00005e84                LPSPI_SetMasterSlaveMode
 .text.LPSPI_SetFlushFifoCmd
                0x00005e94       0x10 ./SDK/platform/drivers/src/lpspi/lpspi_hw_access.o
                0x00005e94                LPSPI_SetFlushFifoCmd
 .text.LPSPI_ClearStatusFlag
                0x00005ea4       0x24 ./SDK/platform/drivers/src/lpspi/lpspi_hw_access.o
                0x00005ea4                LPSPI_ClearStatusFlag
 .text.LPSPI_SetPcsPolarityMode
                0x00005ec8       0x1c ./SDK/platform/drivers/src/lpspi/lpspi_hw_access.o
                0x00005ec8                LPSPI_SetPcsPolarityMode
 .text.LPSPI_SetPinConfigMode
                0x00005ee4       0x24 ./SDK/platform/drivers/src/lpspi/lpspi_hw_access.o
                0x00005ee4                LPSPI_SetPinConfigMode
 .text.LPSPI_SetBaudRate
                0x00005f08      0x11c ./SDK/platform/drivers/src/lpspi/lpspi_hw_access.o
                0x00005f08                LPSPI_SetBaudRate
 .text.LPSPI_SetTxCommandReg
                0x00006024       0x50 ./SDK/platform/drivers/src/lpspi/lpspi_hw_access.o
                0x00006024                LPSPI_SetTxCommandReg
 .text.LPSPI0_IRQHandler
                0x00006074        0x8 ./SDK/platform/drivers/src/lpspi/lpspi_irq.o
                0x00006074                LPSPI0_IRQHandler
 .text.LPSPI1_IRQHandler
                0x0000607c        0x8 ./SDK/platform/drivers/src/lpspi/lpspi_irq.o
                0x0000607c                LPSPI1_IRQHandler
 .text.LPSPI2_IRQHandler
                0x00006084        0x8 ./SDK/platform/drivers/src/lpspi/lpspi_irq.o
                0x00006084                LPSPI2_IRQHandler
 .text.LPSPI_DRV_MasterCompleteRX
                0x0000608c       0x98 ./SDK/platform/drivers/src/lpspi/lpspi_master_driver.o
 .text.LPSPI_DRV_MasterCompleteDMATransfer
                0x00006124       0xb0 ./SDK/platform/drivers/src/lpspi/lpspi_master_driver.o
 .text.LPSPI_DRV_MasterInit
                0x000061d4      0x16c ./SDK/platform/drivers/src/lpspi/lpspi_master_driver.o
                0x000061d4                LPSPI_DRV_MasterInit
 .text.LPSPI_DRV_MasterTransferBlocking
                0x00006340      0x368 ./SDK/platform/drivers/src/lpspi/lpspi_master_driver.o
                0x00006340                LPSPI_DRV_MasterTransferBlocking
 .text.LPSPI_DRV_MasterIRQHandler
                0x000066a8      0x20c ./SDK/platform/drivers/src/lpspi/lpspi_master_driver.o
                0x000066a8                LPSPI_DRV_MasterIRQHandler
 .text.LPSPI_DRV_IRQHandler
                0x000068b4       0x20 ./SDK/platform/drivers/src/lpspi/lpspi_shared_function.o
                0x000068b4                LPSPI_DRV_IRQHandler
 .text.LPSPI_DRV_FillupTxBuffer
                0x000068d4      0x11c ./SDK/platform/drivers/src/lpspi/lpspi_shared_function.o
                0x000068d4                LPSPI_DRV_FillupTxBuffer
 .text.LPSPI_DRV_ReadRXBuffer
                0x000069f0       0x8c ./SDK/platform/drivers/src/lpspi/lpspi_shared_function.o
                0x000069f0                LPSPI_DRV_ReadRXBuffer
 .text.LPSPI_DRV_DisableTEIEInterrupts
                0x00006a7c       0x30 ./SDK/platform/drivers/src/lpspi/lpspi_shared_function.o
                0x00006a7c                LPSPI_DRV_DisableTEIEInterrupts
 .text.LPSPI_DRV_SlaveIRQHandler
                0x00006aac      0x18c ./SDK/platform/drivers/src/lpspi/lpspi_slave_driver.o
                0x00006aac                LPSPI_DRV_SlaveIRQHandler
 .text.LPUART_DRV_SetBaudRate
                0x00006c38       0xd8 ./SDK/platform/drivers/src/lpuart/lpuart_driver.o
                0x00006c38                LPUART_DRV_SetBaudRate
 .text.LPUART_DRV_Init
                0x00006d10       0xd8 ./SDK/platform/drivers/src/lpuart/lpuart_driver.o
                0x00006d10                LPUART_DRV_Init
 .text.LPUART_DRV_IRQHandler
                0x00006de8      0x4ac ./SDK/platform/drivers/src/lpuart/lpuart_driver.o
                0x00006de8                LPUART_DRV_IRQHandler
 .text.LPUART_Init
                0x00007294       0x24 ./SDK/platform/drivers/src/lpuart/lpuart_hw_access.o
                0x00007294                LPUART_Init
 .text.LPUART_SetBitCountPerChar
                0x000072b8       0x28 ./SDK/platform/drivers/src/lpuart/lpuart_hw_access.o
                0x000072b8                LPUART_SetBitCountPerChar
 .text.LPUART_SetParityMode
                0x000072e0       0x20 ./SDK/platform/drivers/src/lpuart/lpuart_hw_access.o
                0x000072e0                LPUART_SetParityMode
 .text.LPUART_Putchar9
                0x00007300       0x18 ./SDK/platform/drivers/src/lpuart/lpuart_hw_access.o
                0x00007300                LPUART_Putchar9
 .text.LPUART_Putchar10
                0x00007318       0x24 ./SDK/platform/drivers/src/lpuart/lpuart_hw_access.o
                0x00007318                LPUART_Putchar10
 .text.LPUART_Getchar9
                0x0000733c       0x10 ./SDK/platform/drivers/src/lpuart/lpuart_hw_access.o
                0x0000733c                LPUART_Getchar9
 .text.LPUART_Getchar10
                0x0000734c       0x20 ./SDK/platform/drivers/src/lpuart/lpuart_hw_access.o
                0x0000734c                LPUART_Getchar10
 .text.LPUART_SetIntMode
                0x0000736c       0x7c ./SDK/platform/drivers/src/lpuart/lpuart_hw_access.o
                0x0000736c                LPUART_SetIntMode
 .text.LPUART_GetIntMode
                0x000073e8       0x48 ./SDK/platform/drivers/src/lpuart/lpuart_hw_access.o
                0x000073e8                LPUART_GetIntMode
 .text.LPUART_GetStatusFlag
                0x00007430       0x48 ./SDK/platform/drivers/src/lpuart/lpuart_hw_access.o
                0x00007430                LPUART_GetStatusFlag
 .text.LPUART_SetErrorInterrupts
                0x00007478       0x34 ./SDK/platform/drivers/src/lpuart/lpuart_hw_access.o
                0x00007478                LPUART_SetErrorInterrupts
 .text.LPUART0_IrqHandler
                0x000074ac        0x8 ./SDK/platform/drivers/src/lpuart/lpuart_irq.o
                0x000074ac                LPUART0_IrqHandler
 .text.LPUART1_IrqHandler
                0x000074b4        0x8 ./SDK/platform/drivers/src/lpuart/lpuart_irq.o
                0x000074b4                LPUART1_IrqHandler
 .text.LPUART2_IrqHandler
                0x000074bc        0x8 ./SDK/platform/drivers/src/lpuart/lpuart_irq.o
                0x000074bc                LPUART2_IrqHandler
 .text.PDB_DRV_Init
                0x000074c4       0x6c ./SDK/platform/drivers/src/pdb/pdb_driver.o
                0x000074c4                PDB_DRV_Init
 .text.PDB_DRV_Enable
                0x00007530       0x14 ./SDK/platform/drivers/src/pdb/pdb_driver.o
                0x00007530                PDB_DRV_Enable
 .text.PDB_DRV_Disable
                0x00007544       0x14 ./SDK/platform/drivers/src/pdb/pdb_driver.o
                0x00007544                PDB_DRV_Disable
 .text.PDB_DRV_LoadValuesCmd
                0x00007558       0x14 ./SDK/platform/drivers/src/pdb/pdb_driver.o
                0x00007558                PDB_DRV_LoadValuesCmd
 .text.PDB_DRV_SetTimerModulusValue
                0x0000756c       0x18 ./SDK/platform/drivers/src/pdb/pdb_driver.o
                0x0000756c                PDB_DRV_SetTimerModulusValue
 .text.PDB_DRV_ConfigAdcPreTrigger
                0x00007584       0x48 ./SDK/platform/drivers/src/pdb/pdb_driver.o
                0x00007584                PDB_DRV_ConfigAdcPreTrigger
 .text.PDB_DRV_ClearAdcPreTriggerSeqErrFlags
                0x000075cc       0x10 ./SDK/platform/drivers/src/pdb/pdb_driver.o
                0x000075cc                PDB_DRV_ClearAdcPreTriggerSeqErrFlags
 .text.PDB_DRV_SetAdcPreTriggerDelayValue
                0x000075dc       0x24 ./SDK/platform/drivers/src/pdb/pdb_driver.o
                0x000075dc                PDB_DRV_SetAdcPreTriggerDelayValue
 .text.PDB_Init
                0x00007600       0x58 ./SDK/platform/drivers/src/pdb/pdb_hw_access.o
                0x00007600                PDB_Init
 .text.PDB_ConfigTimer
                0x00007658       0x5c ./SDK/platform/drivers/src/pdb/pdb_hw_access.o
                0x00007658                PDB_ConfigTimer
 .text.PDB_SetAdcPreTriggerBackToBackEnable
                0x000076b4       0x38 ./SDK/platform/drivers/src/pdb/pdb_hw_access.o
                0x000076b4                PDB_SetAdcPreTriggerBackToBackEnable
 .text.PDB_SetAdcPreTriggerOutputEnable
                0x000076ec       0x34 ./SDK/platform/drivers/src/pdb/pdb_hw_access.o
                0x000076ec                PDB_SetAdcPreTriggerOutputEnable
 .text.PDB_SetAdcPreTriggerEnable
                0x00007720       0x30 ./SDK/platform/drivers/src/pdb/pdb_hw_access.o
                0x00007720                PDB_SetAdcPreTriggerEnable
 .text.PDB_ClearAdcPreTriggerSeqErrFlags
                0x00007750       0x20 ./SDK/platform/drivers/src/pdb/pdb_hw_access.o
                0x00007750                PDB_ClearAdcPreTriggerSeqErrFlags
 .text.PINS_DRV_Init
                0x00007770       0x24 ./SDK/platform/drivers/src/pins/pins_driver.o
                0x00007770                PINS_DRV_Init
 .text.PINS_DRV_SetPinIntSel
                0x00007794       0x18 ./SDK/platform/drivers/src/pins/pins_driver.o
                0x00007794                PINS_DRV_SetPinIntSel
 .text.PINS_DRV_GetPinIntSel
                0x000077ac        0xc ./SDK/platform/drivers/src/pins/pins_driver.o
                0x000077ac                PINS_DRV_GetPinIntSel
 .text.PINS_DRV_ClearPinIntFlagCmd
                0x000077b8       0x10 ./SDK/platform/drivers/src/pins/pins_driver.o
                0x000077b8                PINS_DRV_ClearPinIntFlagCmd
 .text.PINS_DRV_GetPinsDirection
                0x000077c8        0x4 ./SDK/platform/drivers/src/pins/pins_driver.o
                0x000077c8                PINS_DRV_GetPinsDirection
 .text.PINS_DRV_SetPinsDirection
                0x000077cc        0x4 ./SDK/platform/drivers/src/pins/pins_driver.o
                0x000077cc                PINS_DRV_SetPinsDirection
 .text.PINS_DRV_SetPins
                0x000077d0        0x4 ./SDK/platform/drivers/src/pins/pins_driver.o
                0x000077d0                PINS_DRV_SetPins
 .text.PINS_DRV_ClearPins
                0x000077d4        0x4 ./SDK/platform/drivers/src/pins/pins_driver.o
                0x000077d4                PINS_DRV_ClearPins
 .text.PINS_DRV_TogglePins
                0x000077d8        0x4 ./SDK/platform/drivers/src/pins/pins_driver.o
                0x000077d8                PINS_DRV_TogglePins
 .text.PINS_DRV_ReadPins
                0x000077dc        0x4 ./SDK/platform/drivers/src/pins/pins_driver.o
                0x000077dc                PINS_DRV_ReadPins
 .text.PINS_Init
                0x000077e0      0x180 ./SDK/platform/drivers/src/pins/pins_port_hw_access.o
                0x000077e0                PINS_Init
 .text.POWER_SYS_DoInit
                0x00007960       0xa8 ./SDK/platform/drivers/src/power/S32K1xx/power_manager_S32K1xx.o
                0x00007960                POWER_SYS_DoInit
 .text.POWER_SYS_DoSetMode
                0x00007a08      0x3e8 ./SDK/platform/drivers/src/power/S32K1xx/power_manager_S32K1xx.o
                0x00007a08                POWER_SYS_DoSetMode
 .text.SMC_SetPowerMode
                0x00007df0       0xb8 ./SDK/platform/drivers/src/power/S32K1xx/power_smc_hw_access.o
                0x00007df0                SMC_SetPowerMode
 .text.SMC_SetProtectionMode
                0x00007ea8       0x1c ./SDK/platform/drivers/src/power/S32K1xx/power_smc_hw_access.o
                0x00007ea8                SMC_SetProtectionMode
 .text.POWER_SYS_Init
                0x00007ec4       0x28 ./SDK/platform/drivers/src/power/power_manager.o
                0x00007ec4                POWER_SYS_Init
 .text.POWER_SYS_SetMode
                0x00007eec      0x114 ./SDK/platform/drivers/src/power/power_manager.o
                0x00007eec                POWER_SYS_SetMode
 .text.TRGMUX_DRV_Init
                0x00008000       0x6c ./SDK/platform/drivers/src/trgmux/trgmux_driver.o
                0x00008000                TRGMUX_DRV_Init
 .text.TRGMUX_DRV_SetTrigSourceForTargetModule
                0x0000806c       0x28 ./SDK/platform/drivers/src/trgmux/trgmux_driver.o
                0x0000806c                TRGMUX_DRV_SetTrigSourceForTargetModule
 .text.TRGMUX_Init
                0x00008094       0x5c ./SDK/platform/drivers/src/trgmux/trgmux_hw_access.o
                0x00008094                TRGMUX_Init
 .text.TRGMUX_SetTrigSourceForTargetModule
                0x000080f0       0x24 ./SDK/platform/drivers/src/trgmux/trgmux_hw_access.o
                0x000080f0                TRGMUX_SetTrigSourceForTargetModule
 .text.TRGMUX_SetLockForTargetModule
                0x00008114       0x10 ./SDK/platform/drivers/src/trgmux/trgmux_hw_access.o
                0x00008114                TRGMUX_SetLockForTargetModule
 .text.TRGMUX_GetLockForTargetModule
                0x00008124        0xc ./SDK/platform/drivers/src/trgmux/trgmux_hw_access.o
                0x00008124                TRGMUX_GetLockForTargetModule
 .text.SysTick_Handler
                0x00008130       0x10 ./SDK/rtos/osif/osif_baremetal.o
                0x00008130                SysTick_Handler
 .text.OSIF_SemaWait
                0x00008140       0x80 ./SDK/rtos/osif/osif_baremetal.o
                0x00008140                OSIF_SemaWait
 .text.OSIF_SemaPost
                0x000081c0       0x2c ./SDK/rtos/osif/osif_baremetal.o
                0x000081c0                OSIF_SemaPost
 .text.OSIF_SemaCreate
                0x000081ec       0x14 ./SDK/rtos/osif/osif_baremetal.o
                0x000081ec                OSIF_SemaCreate
 .text.SPI_AML_MasterInit
                0x00008200        0xc ./Sources/GD3000/aml/spi_aml/spi_aml.o
                0x00008200                SPI_AML_MasterInit
 .text.SPI_AML_MasterFillSdkConfig
                0x0000820c       0x40 ./Sources/GD3000/aml/spi_aml/spi_aml.o
                0x0000820c                SPI_AML_MasterFillSdkConfig
 .text.SPI_AML_MasterSelectDevice
                0x0000824c       0x28 ./Sources/GD3000/aml/spi_aml/spi_aml.o
                0x0000824c                SPI_AML_MasterSelectDevice
 .text.SPI_AML_MasterUnselectDevice
                0x00008274       0x28 ./Sources/GD3000/aml/spi_aml/spi_aml.o
                0x00008274                SPI_AML_MasterUnselectDevice
 .text.SPI_AML_MasterTransfer
                0x0000829c       0x28 ./Sources/GD3000/aml/spi_aml/spi_aml.o
                0x0000829c                SPI_AML_MasterTransfer
 .text.WAIT_AML_GetSysFreq
                0x000082c4       0x14 ./Sources/GD3000/aml/wait_aml/wait_aml.o
                0x000082c4                WAIT_AML_GetSysFreq
 .text.WAIT_AML_WaitUs
                0x000082d8       0x3c ./Sources/GD3000/aml/wait_aml/wait_aml.o
                0x000082d8                WAIT_AML_WaitUs
 .text.GD3000_Init
                0x00008314       0x78 ./Sources/GD3000/gd3000_init.o
                0x00008314                GD3000_Init
 .text.TPP_ConfigureGpio
                0x0000838c       0x64 ./Sources/GD3000/tpp/tpp.o
                0x0000838c                TPP_ConfigureGpio
 .text.TPP_ConfigureSpi
                0x000083f0       0x90 ./Sources/GD3000/tpp/tpp.o
                0x000083f0                TPP_ConfigureSpi
 .text.TPP_GetStatusRegister
                0x00008480       0x9c ./Sources/GD3000/tpp/tpp.o
                0x00008480                TPP_GetStatusRegister
 .text.TPP_ClearInterrupts
                0x0000851c      0x118 ./Sources/GD3000/tpp/tpp.o
                0x0000851c                TPP_ClearInterrupts
 .text.TPP_SetModeRegister
                0x00008634       0x90 ./Sources/GD3000/tpp/tpp.o
                0x00008634                TPP_SetModeRegister
 .text.TPP_SetDeadtime
                0x000086c4      0x168 ./Sources/GD3000/tpp/tpp.o
                0x000086c4                TPP_SetDeadtime
 .text.TPP_Init
                0x0000882c      0x2a0 ./Sources/GD3000/tpp/tpp.o
                0x0000882c                TPP_Init
 .text.McuClockConfig
                0x00008acc       0x24 ./Sources/Peripherals/peripherals_config.o
                0x00008acc                McuClockConfig
 .text.McuPowerConfig
                0x00008af0       0x24 ./Sources/Peripherals/peripherals_config.o
                0x00008af0                McuPowerConfig
 .text.McuIntConfig
                0x00008b14       0x5c ./Sources/Peripherals/peripherals_config.o
                0x00008b14                McuIntConfig
 .text.McuTrigmuxConfig
                0x00008b70       0x1c ./Sources/Peripherals/peripherals_config.o
                0x00008b70                McuTrigmuxConfig
 .text.McuPinsConfig
                0x00008b8c       0x20 ./Sources/Peripherals/peripherals_config.o
                0x00008b8c                McuPinsConfig
 .text.McuLpuartConfig
                0x00008bac       0x14 ./Sources/Peripherals/peripherals_config.o
                0x00008bac                McuLpuartConfig
 .text.McuLpitConfig
                0x00008bc0       0x28 ./Sources/Peripherals/peripherals_config.o
                0x00008bc0                McuLpitConfig
 .text.McuFtmConfig
                0x00008be8       0x60 ./Sources/Peripherals/peripherals_config.o
                0x00008be8                McuFtmConfig
 .text.McuPdbConfig
                0x00008c48       0x98 ./Sources/Peripherals/peripherals_config.o
                0x00008c48                McuPdbConfig
 .text.McuAdcConfig
                0x00008ce0       0x48 ./Sources/Peripherals/peripherals_config.o
                0x00008ce0                McuAdcConfig
 .text.McuCacheConfig
                0x00008d28       0x10 ./Sources/Peripherals/peripherals_config.o
                0x00008d28                McuCacheConfig
 .text.ACTUATE_EnableOutput
                0x00008d38       0x68 ./Sources/actuate_s32k.o
                0x00008d38                ACTUATE_EnableOutput
 .text.ACTUATE_DisableOutput
                0x00008da0       0x68 ./Sources/actuate_s32k.o
                0x00008da0                ACTUATE_DisableOutput
 .text.ACTUATE_SetDutycycle
                0x00008e08       0x80 ./Sources/actuate_s32k.o
                0x00008e08                ACTUATE_SetDutycycle
 .text.ACTUATE_SetPwmMask
                0x00008e88       0x38 ./Sources/actuate_s32k.o
                0x00008e88                ACTUATE_SetPwmMask
 .text.HALL_GetSector
                0x00008ec0       0x64 ./Sources/hall_sensor.o
                0x00008ec0                HALL_GetSector
 .text.FMSTR_TsaGetTable
                0x00008f24       0x24 ./Sources/main.o
                0x00008f24                FMSTR_TsaGetTable
 .text.TPP_InitializeOutputs
                0x00008f48        0x4 ./Sources/main.o
                0x00008f48                TPP_InitializeOutputs
 .text.PORTE_IRQHandler
                0x00008f4c       0x34 ./Sources/main.o
                0x00008f4c                PORTE_IRQHandler
 .text.PDB0_IRQHandler
                0x00008f80       0x28 ./Sources/main.o
                0x00008f80                PDB0_IRQHandler
 .text.PDB1_IRQHandler
                0x00008fa8       0x28 ./Sources/main.o
                0x00008fa8                PDB1_IRQHandler
 .text.FTM2_Callback
                0x00008fd0       0x7c ./Sources/main.o
                0x00008fd0                FTM2_Callback
 .text.ADC1_IRQHandler
                0x0000904c       0xe8 ./Sources/main.o
                0x0000904c                ADC1_IRQHandler
 .text.LPIT0_Ch0_IRQHandler
                0x00009134      0x2f0 ./Sources/main.o
                0x00009134                LPIT0_Ch0_IRQHandler
 .text.AppInit  0x00009424       0x98 ./Sources/main.o
                0x00009424                AppInit
 .text.AppStop  0x000094bc       0x3c ./Sources/main.o
                0x000094bc                AppStop
 .text.AppCalib
                0x000094f8       0xb0 ./Sources/main.o
                0x000094f8                AppCalib
 .text.AppAlignment
                0x000095a8       0x60 ./Sources/main.o
                0x000095a8                AppAlignment
 .text.AppStart
                0x00009608       0x90 ./Sources/main.o
                0x00009608                AppStart
 .text.AppRun   0x00009698       0x50 ./Sources/main.o
                0x00009698                AppRun
 .text.AppFault
                0x000096e8       0x50 ./Sources/main.o
                0x000096e8                AppFault
 .text.CheckFaults
                0x00009738      0x144 ./Sources/main.o
                0x00009738                CheckFaults
 .text.startup.main
                0x0000987c      0x278 ./Sources/main.o
                0x0000987c                main
 .text.RGBLedOFF
                0x00009af4       0x28 ./Sources/main.o
                0x00009af4                RGBLedOFF
 .text.RGBLedBlueON
                0x00009b1c       0x28 ./Sources/main.o
                0x00009b1c                RGBLedBlueON
 .text.RGBLedRedON
                0x00009b44       0x28 ./Sources/main.o
                0x00009b44                RGBLedRedON
 .text.RGBLedGreenON
                0x00009b6c       0x28 ./Sources/main.o
                0x00009b6c                RGBLedGreenON
 .text.RGBLedGreenFlash
                0x00009b94       0x40 ./Sources/main.o
                0x00009b94                RGBLedGreenFlash
 .text.MEAS_GetBEMFVoltage
                0x00009bd4       0x44 ./Sources/meas_s32k.o
                0x00009bd4                MEAS_GetBEMFVoltage
 .text.MEAS_GetDCBVoltage
                0x00009c18       0x44 ./Sources/meas_s32k.o
                0x00009c18                MEAS_GetDCBVoltage
 .text.MEAS_GetDCBCurrent
                0x00009c5c       0x40 ./Sources/meas_s32k.o
                0x00009c5c                MEAS_GetDCBCurrent
 .text.GDFLIB_FilterMAInit_FLT
                0x00009c9c        0x8 C:/NXP/AMMCLIB/S32K14x_AMMCLIB_v1.1.34/lib/s32ds_arm32\S32K14x_AMMCLIB.a(GDFLIB_FilterMA_c.o)
                0x00009c9c                GDFLIB_FilterMAInit_FLT
 .text.GDFLIB_FilterMA_FLT
                0x00009ca4       0x20 C:/NXP/AMMCLIB/S32K14x_AMMCLIB_v1.1.34/lib/s32ds_arm32\S32K14x_AMMCLIB.a(GDFLIB_FilterMA_c.o)
                0x00009ca4                GDFLIB_FilterMA_FLT
 .text.GFLIB_ControllerPIpAW_FLT
                0x00009cc4       0x84 C:/NXP/AMMCLIB/S32K14x_AMMCLIB_v1.1.34/lib/s32ds_arm32\S32K14x_AMMCLIB.a(GFLIB_ControllerPIpAW_c.o)
                0x00009cc4                GFLIB_ControllerPIpAW_FLT
 .text.GFLIB_Ramp_FLT
                0x00009d48       0x70 C:/NXP/AMMCLIB/S32K14x_AMMCLIB_v1.1.34/lib/s32ds_arm32\S32K14x_AMMCLIB.a(GFLIB_Ramp_c.o)
                0x00009d48                GFLIB_Ramp_FLT
 .text.memcpy   0x00009db8       0x16 C:/NXP/S32DS_ARM_v2.2/S32DS/build_tools/gcc_v6.3/gcc-6.3-arm32-eabi/arm-none-eabi/newlib/lib/thumb/v7e-m/fpv4-sp/hard\libc_nano.a(lib_a-memcpy-stub.o)
                0x00009db8                memcpy
 .text.memset   0x00009dce       0x10 C:/NXP/S32DS_ARM_v2.2/S32DS/build_tools/gcc_v6.3/gcc-6.3-arm32-eabi/arm-none-eabi/newlib/lib/thumb/v7e-m/fpv4-sp/hard\libc_nano.a(lib_a-memset.o)
                0x00009dce                memset
 *(.rodata)
 *fill*         0x00009dde        0x2 
 .rodata        0x00009de0        0x6 ./Sources/actuate_s32k.o
 *(.rodata*)
 *fill*         0x00009de6        0x2 
 .rodata.FMSTR_ProtocolDecoder.str1.4
                0x00009de8       0x11 ./FreeMaster_S32xx/src_common/freemaster_protocol.o
 *fill*         0x00009df9        0x3 
 .rodata.adConv0_ChnConfig0
                0x00009dfc        0x4 ./Generated_Code/adConv0.o
                0x00009dfc                adConv0_ChnConfig0
 .rodata.adConv0_ConvConfig0
                0x00009e00        0xb ./Generated_Code/adConv0.o
                0x00009e00                adConv0_ConvConfig0
 *fill*         0x00009e0b        0x1 
 .rodata.adConv1_ChnConfig0
                0x00009e0c        0x4 ./Generated_Code/adConv1.o
                0x00009e0c                adConv1_ChnConfig0
 .rodata.adConv1_ChnConfig1
                0x00009e10        0x4 ./Generated_Code/adConv1.o
                0x00009e10                adConv1_ChnConfig1
 .rodata.adConv1_ConvConfig0
                0x00009e14        0xb ./Generated_Code/adConv1.o
                0x00009e14                adConv1_ConvConfig0
 *fill*         0x00009e1f        0x1 
 .rodata.lpit0_InitConfig
                0x00009e20        0x2 ./Generated_Code/lpit0.o
                0x00009e20                lpit0_InitConfig
 *fill*         0x00009e22        0x2 
 .rodata.lpuart1_InitConfig0
                0x00009e24        0xc ./Generated_Code/lpuart1.o
                0x00009e24                lpuart1_InitConfig0
 .rodata.pdb0_AdcTrigInitConfig0
                0x00009e30        0x8 ./Generated_Code/pdb0.o
                0x00009e30                pdb0_AdcTrigInitConfig0
 .rodata.pdb0_InitConfig0
                0x00009e38        0x9 ./Generated_Code/pdb0.o
                0x00009e38                pdb0_InitConfig0
 *fill*         0x00009e41        0x3 
 .rodata.pdb1_AdcTrigInitConfig0
                0x00009e44        0x8 ./Generated_Code/pdb1.o
                0x00009e44                pdb1_AdcTrigInitConfig0
 .rodata.pdb1_AdcTrigInitConfig1
                0x00009e4c        0x8 ./Generated_Code/pdb1.o
                0x00009e4c                pdb1_AdcTrigInitConfig1
 .rodata.pdb1_InitConfig0
                0x00009e54        0x9 ./Generated_Code/pdb1.o
                0x00009e54                pdb1_InitConfig0
 *fill*         0x00009e5d        0x3 
 .rodata.trgmux1_InOutMappingConfig0
                0x00009e60       0x12 ./Generated_Code/trgmux1.o
                0x00009e60                trgmux1_InOutMappingConfig0
 *fill*         0x00009e72        0x2 
 .rodata.trgmux1_InitConfig0
                0x00009e74        0x8 ./Generated_Code/trgmux1.o
                0x00009e74                trgmux1_InitConfig0
 .rodata.s_adcBase
                0x00009e7c        0x8 ./SDK/platform/drivers/src/adc/adc_driver.o
 .rodata.CSWTCH.158
                0x00009e84        0x4 ./SDK/platform/drivers/src/clock/S32K1xx/clock_S32K1xx.o
 .rodata.CSWTCH.160
                0x00009e88        0x4 ./SDK/platform/drivers/src/clock/S32K1xx/clock_S32K1xx.o
 .rodata.clockNameMappings
                0x00009e8c       0x9e ./SDK/platform/drivers/src/clock/S32K1xx/clock_S32K1xx.o
                0x00009e8c                clockNameMappings
 *fill*         0x00009f2a        0x2 
 .rodata.maxSysClksInHSRUN.7598
                0x00009f2c       0x54 ./SDK/platform/drivers/src/clock/S32K1xx/clock_S32K1xx.o
 .rodata.maxSysClksInRUN.7597
                0x00009f80       0x54 ./SDK/platform/drivers/src/clock/S32K1xx/clock_S32K1xx.o
 .rodata.maxSysClksInVLPR.7596
                0x00009fd4       0x54 ./SDK/platform/drivers/src/clock/S32K1xx/clock_S32K1xx.o
 .rodata.peripheralFeaturesList
                0x0000a028       0x4f ./SDK/platform/drivers/src/clock/S32K1xx/clock_S32K1xx.o
                0x0000a028                peripheralFeaturesList
 *fill*         0x0000a077        0x1 
 .rodata.sysClkDivMappings.7744
                0x0000a078       0x11 ./SDK/platform/drivers/src/clock/S32K1xx/clock_S32K1xx.o
 *fill*         0x0000a089        0x3 
 .rodata.g_ftmBase
                0x0000a08c       0x10 ./SDK/platform/drivers/src/ftm/ftm_common.o
                0x0000a08c                g_ftmBase
 .rodata.g_ftmExtClockSel
                0x0000a09c        0x8 ./SDK/platform/drivers/src/ftm/ftm_common.o
 .rodata.g_ftmIrqId
                0x0000a0a4       0x20 ./SDK/platform/drivers/src/ftm/ftm_common.o
                0x0000a0a4                g_ftmIrqId
 .rodata.g_ftmOverflowIrqId
                0x0000a0c4        0x4 ./SDK/platform/drivers/src/ftm/ftm_common.o
                0x0000a0c4                g_ftmOverflowIrqId
 .rodata.CSWTCH.28
                0x0000a0c8        0x3 ./SDK/platform/drivers/src/lpit/lpit_driver.o
 *fill*         0x0000a0cb        0x1 
 .rodata.s_baudratePrescaler
                0x0000a0cc       0x20 ./SDK/platform/drivers/src/lpspi/lpspi_hw_access.o
 .rodata.CSWTCH.21
                0x0000a0ec        0x4 ./SDK/platform/drivers/src/lpspi/lpspi_master_driver.o
 .rodata.s_lpuartBase
                0x0000a0f0        0xc ./SDK/platform/drivers/src/lpuart/lpuart_driver.o
 .rodata.s_lpuartClkNames
                0x0000a0fc        0x3 ./SDK/platform/drivers/src/lpuart/lpuart_driver.o
 *fill*         0x0000a0ff        0x1 
 .rodata.s_lpuartRxTxIrqId
                0x0000a100        0x3 ./SDK/platform/drivers/src/lpuart/lpuart_driver.o
 *fill*         0x0000a103        0x1 
 .rodata.s_pdbBase
                0x0000a104        0x8 ./SDK/platform/drivers/src/pdb/pdb_driver.o
 .rodata.s_pdbClkNames.7039
                0x0000a10c        0x2 ./SDK/platform/drivers/src/pdb/pdb_driver.o
 *fill*         0x0000a10e        0x2 
 .rodata.s_pdbIrqId
                0x0000a110        0x2 ./SDK/platform/drivers/src/pdb/pdb_driver.o
 *fill*         0x0000a112        0x2 
 .rodata.s_trgmuxTargetModule.6440
                0x0000a114       0x35 ./SDK/platform/drivers/src/trgmux/trgmux_hw_access.o
 *fill*         0x0000a149        0x3 
 .rodata.g_gpioBases
                0x0000a14c       0x14 ./Sources/GD3000/aml/spi_aml/spi_aml.o
 .rodata.g_gpioBases
                0x0000a160       0x14 ./Sources/GD3000/tpp/tpp.o
 .rodata.ui16FTM3SwOctrlVal
                0x0000a174       0x20 ./Sources/actuate_s32k.o
                0x0000a174                ui16FTM3SwOctrlVal
 .rodata.ui8FTM3OutmaskVal
                0x0000a194       0x10 ./Sources/actuate_s32k.o
                0x0000a194                ui8FTM3OutmaskVal
 .rodata.hall_array
                0x0000a1a4        0xc ./Sources/hall_sensor.o
                0x0000a1a4                hall_array
 .rodata.fmstr_tsatable.11817
                0x0000a1b0      0x7c0 ./Sources/main.o
 .rodata.str1.4
                0x0000a970      0x6d4 ./Sources/main.o
 .rodata.AppStateLed
                0x0000b044       0x1c ./Sources/state_machine.o
                0x0000b044                AppStateLed
 .rodata.AppStateMachine
                0x0000b060       0x1c ./Sources/state_machine.o
                0x0000b060                AppStateMachine
 *(.init)
 .init          0x0000b07c        0x4 c:/nxp/s32ds_arm_v2.2/s32ds/build_tools/gcc_v6.3/gcc-6.3-arm32-eabi/bin/../lib/gcc/arm-none-eabi/6.3.1/thumb/v7e-m/fpv4-sp/hard/crti.o
                0x0000b07c                _init
 *(.fini)
 .fini          0x0000b080        0x4 c:/nxp/s32ds_arm_v2.2/s32ds/build_tools/gcc_v6.3/gcc-6.3-arm32-eabi/bin/../lib/gcc/arm-none-eabi/6.3.1/thumb/v7e-m/fpv4-sp/hard/crti.o
                0x0000b080                _fini
 *(.eh_frame)
                0x0000b084                . = ALIGN (0x4)

.glue_7         0x0000b084        0x0
 .glue_7        0x0000b084        0x0 linker stubs

.glue_7t        0x0000b084        0x0
 .glue_7t       0x0000b084        0x0 linker stubs

.vfp11_veneer   0x0000b084        0x0
 .vfp11_veneer  0x0000b084        0x0 linker stubs

.v4_bx          0x0000b084        0x0
 .v4_bx         0x0000b084        0x0 linker stubs

.iplt           0x0000b084        0x0
 .iplt          0x0000b084        0x0 c:/nxp/s32ds_arm_v2.2/s32ds/build_tools/gcc_v6.3/gcc-6.3-arm32-eabi/bin/../lib/gcc/arm-none-eabi/6.3.1/thumb/v7e-m/fpv4-sp/hard/crtbegin.o

.ARM            0x0000b084        0x8
                0x0000b084                __exidx_start = .
 *(.ARM.exidx*)
 .ARM.exidx     0x0000b084        0x8 c:/nxp/s32ds_arm_v2.2/s32ds/build_tools/gcc_v6.3/gcc-6.3-arm32-eabi/bin/../lib/gcc/arm-none-eabi/6.3.1/thumb/v7e-m/fpv4-sp/hard\libgcc.a(_udivmoddi4.o)
                0x0000b08c                __exidx_end = .
                0x0000b08c                __etext = .
                0x0000b08c                __DATA_ROM = .

.rel.dyn        0x0000b08c        0x0
 .rel.iplt      0x0000b08c        0x0 c:/nxp/s32ds_arm_v2.2/s32ds/build_tools/gcc_v6.3/gcc-6.3-arm32-eabi/bin/../lib/gcc/arm-none-eabi/6.3.1/thumb/v7e-m/fpv4-sp/hard/crtbegin.o

.interrupts_ram
                0x1fff8000      0x400
                0x1fff8000                . = ALIGN (0x4)
                0x1fff8000                __VECTOR_RAM__ = .
                0x1fff8000                __RAM_START = .
                0x1fff8000                __interrupts_ram_start__ = .
 *(.m_interrupts_ram)
                0x1fff8400                . = (. + M_VECTOR_RAM_SIZE)
 *fill*         0x1fff8000      0x400 
                0x1fff8400                . = ALIGN (0x4)
                0x1fff8400                __interrupts_ram_end__ = .
                0x1fff8000                __VECTOR_RAM = DEFINED (__flash_vector_table__)?ORIGIN (m_interrupts):__VECTOR_RAM__
                0x00000400                __RAM_VECTOR_TABLE_SIZE = DEFINED (__flash_vector_table__)?0x0:(__interrupts_ram_end__ - __interrupts_ram_start__)

.data           0x1fff8400      0x564 load address 0x0000b08c
                0x1fff8400                . = ALIGN (0x4)
                0x1fff8400                __DATA_RAM = .
                0x1fff8400                __data_start__ = .
 *(.data)
 *(.data*)
 .data.clockMan1_InitConfig0
                0x1fff8400       0x78 ./Generated_Code/clockMan1.o
                0x1fff8400                clockMan1_InitConfig0
 .data.g_clockManConfigsArr
                0x1fff8478        0x4 ./Generated_Code/clockMan1.o
                0x1fff8478                g_clockManConfigsArr
 .data.peripheralClockConfig0
                0x1fff847c       0x69 ./Generated_Code/clockMan1.o
                0x1fff847c                peripheralClockConfig0
 *fill*         0x1fff84e5        0x3 
 .data.flexTimer_ic1_InitConfig
                0x1fff84e8       0x12 ./Generated_Code/flexTimer_ic1.o
                0x1fff84e8                flexTimer_ic1_InitConfig
 *fill*         0x1fff84fa        0x2 
 .data.flexTimer_ic1_InputCaptureChannelConfig
                0x1fff84fc       0x10 ./Generated_Code/flexTimer_ic1.o
                0x1fff84fc                flexTimer_ic1_InputCaptureChannelConfig
 .data.flexTimer_ic1_InputCaptureConfig
                0x1fff850c        0x8 ./Generated_Code/flexTimer_ic1.o
                0x1fff850c                flexTimer_ic1_InputCaptureConfig
 .data.flexTimer_pwm3_IndependentChannelsConfig
                0x1fff8514       0x28 ./Generated_Code/flexTimer_pwm3.o
                0x1fff8514                flexTimer_pwm3_IndependentChannelsConfig
 .data.flexTimer_pwm3_InitConfig
                0x1fff853c       0x12 ./Generated_Code/flexTimer_pwm3.o
                0x1fff853c                flexTimer_pwm3_InitConfig
 *fill*         0x1fff854e        0x2 
 .data.flexTimer_pwm3_PwmConfig
                0x1fff8550       0x18 ./Generated_Code/flexTimer_pwm3.o
                0x1fff8550                flexTimer_pwm3_PwmConfig
 .data.lpit0_ChnConfig0
                0x1fff8568       0x18 ./Generated_Code/lpit0.o
                0x1fff8568                lpit0_ChnConfig0
 .data.g_pin_mux_InitConfigArr
                0x1fff8580      0x300 ./Generated_Code/pin_mux.o
                0x1fff8580                g_pin_mux_InitConfigArr
 .data.powerConfigsArr
                0x1fff8880        0x4 ./Generated_Code/pwrMan1.o
                0x1fff8880                powerConfigsArr
 .data.pwrMan1_InitConfig0
                0x1fff8884        0x2 ./Generated_Code/pwrMan1.o
                0x1fff8884                pwrMan1_InitConfig0
 *fill*         0x1fff8886        0x2 
 .data.peripheralClockConfig.7360
                0x1fff8888       0xa0 ./SDK/platform/drivers/src/clock/S32K1xx/clock_S32K1xx.o
 .data.g_lpspiBase
                0x1fff8928        0xc ./SDK/platform/drivers/src/lpspi/lpspi_shared_function.o
                0x1fff8928                g_lpspiBase
 .data.g_lpspiIrqId
                0x1fff8934        0x3 ./SDK/platform/drivers/src/lpspi/lpspi_shared_function.o
                0x1fff8934                g_lpspiIrqId
 *fill*         0x1fff8937        0x1 
 .data.g_lpuartIsr
                0x1fff8938        0xc ./SDK/platform/drivers/src/lpuart/lpuart_irq.o
                0x1fff8938                g_lpuartIsr
 .data.mcat_FreewheelTLong
                0x1fff8944        0x2 ./Sources/main.o
                0x1fff8944                mcat_FreewheelTLong
 .data.mcat_FreewheelTShort
                0x1fff8946        0x2 ./Sources/main.o
                0x1fff8946                mcat_FreewheelTShort
 .data.mcat_NMin
                0x1fff8948        0x4 ./Sources/main.o
                0x1fff8948                mcat_NMin
 .data.mcat_alignDuration
                0x1fff894c        0x2 ./Sources/main.o
                0x1fff894c                mcat_alignDuration
 *fill*         0x1fff894e        0x2 
 .data.mcat_alignVoltage
                0x1fff8950        0x4 ./Sources/main.o
                0x1fff8950                mcat_alignVoltage
 .data.mcat_cmtTOff
                0x1fff8954        0x4 ./Sources/main.o
                0x1fff8954                mcat_cmtTOff
 .data.mcat_startCmtAcceler
                0x1fff8958        0x4 ./Sources/main.o
                0x1fff8958                mcat_startCmtAcceler
 .data.mcat_startCmtCnt
                0x1fff895c        0x1 ./Sources/main.o
                0x1fff895c                mcat_startCmtCnt
 *fill*         0x1fff895d        0x1 
 .data.mcat_startCmtPer
                0x1fff895e        0x2 ./Sources/main.o
                0x1fff895e                mcat_startCmtPer
 .data.requiredSpeed
                0x1fff8960        0x4 ./Sources/main.o
                0x1fff8960                requiredSpeed
                0x1fff8964                . = ALIGN (0x4)
                0x1fff8964                __data_end__ = .
                0x0000b5f0                __DATA_END = (__DATA_ROM + (__data_end__ - __data_start__))
                0x0000b5f0                __CODE_ROM = __DATA_END

.igot.plt       0x1fff8964        0x0 load address 0x0000b5f0
 .igot.plt      0x1fff8964        0x0 c:/nxp/s32ds_arm_v2.2/s32ds/build_tools/gcc_v6.3/gcc-6.3-arm32-eabi/bin/../lib/gcc/arm-none-eabi/6.3.1/thumb/v7e-m/fpv4-sp/hard/crtbegin.o

.code           0x1fff8964        0x0 load address 0x0000b5f0
                0x1fff8964                . = ALIGN (0x4)
                0x1fff8964                __CODE_RAM = .
                0x1fff8964                __code_start__ = .
                0x1fff8964                __code_ram_start__ = .
 *(.code_ram)
                0x1fff8964                . = ALIGN (0x4)
                0x1fff8964                __code_end__ = .
                0x1fff8964                __code_ram_end__ = .
                0x0000b5f0                __CODE_END = (__CODE_ROM + (__code_end__ - __code_start__))
                0x0000b5f0                __CUSTOM_ROM = __CODE_END

.customSectionBlock
                0x20000000        0x0 load address 0x0000b5f0
                0x20000000                __customSection_start__ = .
 *(.customSection)
                0x20000000                __customSection_end__ = .
                0x0000b5f0                __CUSTOM_END = (__CUSTOM_ROM + (__customSection_end__ - __customSection_start__))

.bss            0x20000000     0x24c4
                0x20000000                . = ALIGN (0x4)
                0x20000000                __BSS_START = .
                0x20000000                __bss_start__ = .
 *(.bss)
 *(.bss*)
 .bss.pcm_nAppCmd
                0x20000000        0x1 ./FreeMaster_S32xx/src_common/freemaster_appcmd.o
 *fill*         0x20000001        0x1 
 .bss.pcm_nAppCmdLen
                0x20000002        0x2 ./FreeMaster_S32xx/src_common/freemaster_appcmd.o
 .bss.pcm_nAppCmdResult
                0x20000004        0x1 ./FreeMaster_S32xx/src_common/freemaster_appcmd.o
 .bss.pcm_nAppCmdResultDataLen
                0x20000005        0x1 ./FreeMaster_S32xx/src_common/freemaster_appcmd.o
 *fill*         0x20000006        0x2 
 .bss.pcm_pAppCmdBuff
                0x20000008       0x20 ./FreeMaster_S32xx/src_common/freemaster_appcmd.o
 .bss.pcm_pAppCmdCallFunc
                0x20000028       0x10 ./FreeMaster_S32xx/src_common/freemaster_appcmd.o
 .bss.pcm_pAppCmdCallId
                0x20000038        0x4 ./FreeMaster_S32xx/src_common/freemaster_appcmd.o
 .bss.pcm_bTrgVarSigned
                0x2000003c        0x1 ./FreeMaster_S32xx/src_common/freemaster_rec.o
 *fill*         0x2000003d        0x3 
 .bss.pcm_nRecBuffAddr
                0x20000040        0x4 ./FreeMaster_S32xx/src_common/freemaster_rec.o
 .bss.pcm_nTrgVarAddr
                0x20000044        0x4 ./FreeMaster_S32xx/src_common/freemaster_rec.o
 .bss.pcm_nTrgVarSize
                0x20000048        0x1 ./FreeMaster_S32xx/src_common/freemaster_rec.o
 *fill*         0x20000049        0x3 
 .bss.pcm_pCompareFunc
                0x2000004c        0x4 ./FreeMaster_S32xx/src_common/freemaster_rec.o
 .bss.pcm_pOwnRecBuffer
                0x20000050     0x2000 ./FreeMaster_S32xx/src_common/freemaster_rec.o
 .bss.pcm_uTrgThreshold
                0x20002050        0x4 ./FreeMaster_S32xx/src_common/freemaster_rec.o
 .bss.pcm_nScopeVarCount
                0x20002054        0x1 ./FreeMaster_S32xx/src_common/freemaster_scope.o
 *fill*         0x20002055        0x3 
 .bss.pcm_pScopeVarAddr
                0x20002058       0x20 ./FreeMaster_S32xx/src_common/freemaster_scope.o
 .bss.pcm_pScopeVarSize
                0x20002078        0x8 ./FreeMaster_S32xx/src_common/freemaster_scope.o
 .bss.pcm_nRxCheckSum
                0x20002080        0x1 ./FreeMaster_S32xx/src_common/freemaster_serial.o
 .bss.pcm_nRxTodo
                0x20002081        0x1 ./FreeMaster_S32xx/src_common/freemaster_serial.o
 .bss.pcm_nTxTodo
                0x20002082        0x1 ./FreeMaster_S32xx/src_common/freemaster_serial.o
 *fill*         0x20002083        0x1 
 .bss.pcm_pCommBuffer
                0x20002084       0x3f ./FreeMaster_S32xx/src_common/freemaster_serial.o
 *fill*         0x200020c3        0x1 
 .bss.pcm_pRxBuff
                0x200020c4        0x4 ./FreeMaster_S32xx/src_common/freemaster_serial.o
 .bss.pcm_pTxBuff
                0x200020c8        0x4 ./FreeMaster_S32xx/src_common/freemaster_serial.o
 .bss.pcm_wFlags
                0x200020cc        0x4 ./FreeMaster_S32xx/src_common/freemaster_serial.o
 .bss.pcm_nTsaBuffAddr
                0x200020d0        0x4 ./FreeMaster_S32xx/src_common/freemaster_tsa.o
 .bss.pcm_nTsaTableIndex
                0x200020d4        0x2 ./FreeMaster_S32xx/src_common/freemaster_tsa.o
 .bss.pcm_wTsaBuffSize
                0x200020d6        0x2 ./FreeMaster_S32xx/src_common/freemaster_tsa.o
 .bss.pcm_bNextAddrIsEx
                0x200020d8        0x1 ./FreeMaster_S32xx/src_platforms/S32xx/freemaster_S32xx.o
 *fill*         0x200020d9        0x3 
 .bss.g_clockManCallbacksArr
                0x200020dc        0x4 ./Generated_Code/clockMan1.o
                0x200020dc                g_clockManCallbacksArr
 .bss.flexTimer_pwm3_FaultConfig
                0x200020e0       0x10 ./Generated_Code/flexTimer_pwm3.o
                0x200020e0                flexTimer_pwm3_FaultConfig
 .bss.powerStaticCallbacksConfigsArr
                0x200020f0        0x4 ./Generated_Code/pwrMan1.o
                0x200020f0                powerStaticCallbacksConfigsArr
 .bss.g_clockState
                0x200020f4       0x10 ./SDK/platform/drivers/src/clock/S32K1xx/clock_S32K1xx.o
 .bss.s_virtEdmaState
                0x20002104        0x4 ./SDK/platform/drivers/src/edma/edma_driver.o
 .bss.ftmStatePtr
                0x20002108       0x10 ./SDK/platform/drivers/src/ftm/ftm_common.o
                0x20002108                ftmStatePtr
 .bss.g_interruptDisableCount
                0x20002118        0x4 ./SDK/platform/drivers/src/interrupt/interrupt_manager.o
 .bss.s_lpitSourceClockFrequency
                0x2000211c        0x4 ./SDK/platform/drivers/src/lpit/lpit_driver.o
 .bss.g_lpspiStatePtr
                0x20002120        0xc ./SDK/platform/drivers/src/lpspi/lpspi_shared_function.o
                0x20002120                g_lpspiStatePtr
 .bss.s_lpuartStatePtr
                0x2000212c        0xc ./SDK/platform/drivers/src/lpuart/lpuart_driver.o
 .bss.changeClkVlp
                0x20002138        0x1 ./SDK/platform/drivers/src/power/S32K1xx/power_manager_S32K1xx.o
 .bss.enableFIRC
                0x20002139        0x1 ./SDK/platform/drivers/src/power/S32K1xx/power_manager_S32K1xx.o
 .bss.enableSOSC
                0x2000213a        0x1 ./SDK/platform/drivers/src/power/S32K1xx/power_manager_S32K1xx.o
 .bss.enableSPLL
                0x2000213b        0x1 ./SDK/platform/drivers/src/power/S32K1xx/power_manager_S32K1xx.o
 .bss.sysClkConfig
                0x2000213c        0x8 ./SDK/platform/drivers/src/power/S32K1xx/power_manager_S32K1xx.o
 .bss.s_osif_tick_cnt
                0x20002144        0x4 ./SDK/rtos/osif/osif_baremetal.o
 .bss.actualSpeed
                0x20002148        0x4 ./Sources/main.o
                0x20002148                actualSpeed
 .bss.appState  0x2000214c        0x1 ./Sources/main.o
                0x2000214c                appState
 .bss.appSwitchState
                0x2000214d        0x1 ./Sources/main.o
                0x2000214d                appSwitchState
 *fill*         0x2000214e        0x2 
 .bss.mcat_integThr
                0x20002150        0x4 ./Sources/main.o
                0x20002150                mcat_integThr
 .bss.rotationDir
                0x20002154        0x1 ./Sources/main.o
                0x20002154                rotationDir
 *(COMMON)
 *fill*         0x20002155        0x3 
 COMMON         0x20002158       0x48 ./FreeMaster_S32xx/src_common/freemaster_rec.o
                0x20002158                pcm_pRecVarAddr
                0x20002178                pcm_wRecBuffStartIx
                0x2000217c                pcm_dwRecEndBuffPtr
                0x20002180                pcm_pRecVarSize
                0x20002188                pcm_wRecTotalSmps
                0x2000218a                pcm_nRecVarCount
                0x2000218c                pcm_wRecTimeDivCtr
                0x2000218e                pcm_wStoprecCountDown
                0x20002190                pcm_nRecTriggerMode
                0x20002194                pcm_wRecFlags
                0x20002198                pcm_wRecTimeDiv
                0x2000219a                pcm_wRecPostTrigger
                0x2000219c                pcm_dwRecWritePtr
 COMMON         0x200021a0       0x34 ./Generated_Code/lpuart1.o
                0x200021a0                lpuart1_State
 COMMON         0x200021d4       0x14 ./SDK/platform/drivers/src/clock/S32K1xx/clock_S32K1xx.o
                0x200021d4                g_xtal0ClkFreq
                0x200021d8                g_RtcClkInFreq
                0x200021dc                g_TClkFreq
 COMMON         0x200021e8       0x10 ./SDK/platform/drivers/src/power/S32K1xx/power_manager_S32K1xx.o
                0x200021e8                gPowerManagerState
 COMMON         0x200021f8       0x34 ./Sources/GD3000/aml/spi_aml/spi_aml.o
                0x200021f8                g_lpspiState
 COMMON         0x2000222c      0x120 ./Sources/Peripherals/peripherals_config.o
                0x2000222c                stateIc1
                0x2000228c                stateMc0
                0x200022ec                statePwm3
 COMMON         0x2000234c      0x175 ./Sources/main.o
                0x2000234c                period6ZC
                0x20002350                freewheelTimer
                0x20002352                debugTminLim
                0x20002354                period6Hall
                0x20002358                speedRampPrms
                0x20002364                debugTmaxLim
                0x20002366                faultSwitchClear
                0x20002368                gd3000Status
                0x2000236c                speedPIPrms
                0x20002388                calibTimer
                0x2000238c                fm_voltage
                0x20002390                bemfVoltageOld
                0x20002394                alignmentTimer
                0x20002396                stallCheckCounter
                0x20002398                Idcb_filt
                0x200023a0                ftm2Ch1XorSignal
                0x200023a1                ActualCmtSector
                0x200023a2                sensorType
                0x200023a4                u_dc_bus_filt
                0x200023a8                debugTmax
                0x200023ac                periodHall
                0x200023b8                timeOldBackEmf
                0x200023bc                requiredSpeedRamp
                0x200023c0                timeZC
                0x200023c4                timeBackEmf
                0x200023c8                NextCmtPeriod
                0x200023cc                speedPIOut
                0x200023d0                periodZcAvrg
                0x200023d4                switchCounter
                0x200023d8                torqueFilter
                0x200023da                advanceAngle
                0x200023dc                fm_speed
                0x200023e0                SensorHall
                0x200023f4                ledCounter
                0x200023f8                ftm_mod_old
                0x200023fc                delta
                0x20002400                currentPIOut
                0x20002404                Idcb_calib
                0x2000240c                faultStatus
                0x2000240d                NextCmtSector
                0x2000240e                debugTmin
                0x20002410                fm_current
                0x20002414                pdb1Counter
                0x20002416                lastTimeZC
                0x20002418                startCMTcounter
                0x2000241c                Udcb_filt
                0x20002424                ADCResults
                0x20002438                timeZCToff
                0x2000243c                speedErr
                0x20002440                faultStatusLatched
                0x20002444                tppDrvConfig
                0x2000247c                switchOffCounter
                0x2000247e                pdb_delay
                0x20002480                periodZC
                0x2000248c                bemfVoltage
                0x20002490                torqueErr
                0x20002494                torque_filt
                0x20002498                duty_cycle
                0x2000249c                actualPeriodZC
                0x200024a0                driveStatus
                0x200024a4                currentPIPrms
                0x200024c0                pdb0Counter
                0x200024c4                . = ALIGN (0x4)
 *fill*         0x200024c1        0x3 
                0x200024c4                __bss_end__ = .
                0x200024c4                __BSS_END = .

.heap           0x200024c4      0x404
                0x200024c8                . = ALIGN (0x8)
 *fill*         0x200024c4        0x4 
                0x200024c8                __end__ = .
                0x200024c8                __heap_start__ = .
                [!provide]                PROVIDE (end, .)
                [!provide]                PROVIDE (_end, .)
                [!provide]                PROVIDE (__end, .)
                0x200024c8                __HeapBase = .
                0x200028c8                . = (. + HEAP_SIZE)
 *fill*         0x200024c8      0x400 
                0x200028c8                __HeapLimit = .
                0x200028c8                __heap_limit = .
                0x200028c8                __heap_end__ = .
                0x20007000                __StackTop = (ORIGIN (m_data_2) + LENGTH (m_data_2))
                0x20006c00                __StackLimit = (__StackTop - STACK_SIZE)
                0x20007000                PROVIDE (__stack, __StackTop)
                0x20007000                __RAM_END = __StackTop

.stack          0x20006c00      0x400
                0x20006c00                . = ALIGN (0x8)
                0x20006c00                __stack_start__ = .
                0x20007000                . = (. + STACK_SIZE)
 *fill*         0x20006c00      0x400 
                0x20007000                __stack_end__ = .

.ARM.attributes
                0x00000000       0x30
 *(.ARM.attributes)
 .ARM.attributes
                0x00000000       0x22 c:/nxp/s32ds_arm_v2.2/s32ds/build_tools/gcc_v6.3/gcc-6.3-arm32-eabi/bin/../lib/gcc/arm-none-eabi/6.3.1/thumb/v7e-m/fpv4-sp/hard/crti.o
 .ARM.attributes
                0x00000022       0x39 ./FreeMaster_S32xx/src_common/freemaster_appcmd.o
 .ARM.attributes
                0x0000005b       0x39 ./FreeMaster_S32xx/src_common/freemaster_protocol.o
 .ARM.attributes
                0x00000094       0x39 ./FreeMaster_S32xx/src_common/freemaster_rec.o
 .ARM.attributes
                0x000000cd       0x39 ./FreeMaster_S32xx/src_common/freemaster_scope.o
 .ARM.attributes
                0x00000106       0x39 ./FreeMaster_S32xx/src_common/freemaster_serial.o
 .ARM.attributes
                0x0000013f       0x39 ./FreeMaster_S32xx/src_common/freemaster_tsa.o
 .ARM.attributes
                0x00000178       0x39 ./FreeMaster_S32xx/src_platforms/S32xx/freemaster_S32xx.o
 .ARM.attributes
                0x000001b1       0x39 ./Generated_Code/adConv0.o
 .ARM.attributes
                0x000001ea       0x39 ./Generated_Code/adConv1.o
 .ARM.attributes
                0x00000223       0x39 ./Generated_Code/clockMan1.o
 .ARM.attributes
                0x0000025c       0x39 ./Generated_Code/flexTimer_ic1.o
 .ARM.attributes
                0x00000295       0x39 ./Generated_Code/flexTimer_pwm3.o
 .ARM.attributes
                0x000002ce       0x39 ./Generated_Code/lpit0.o
 .ARM.attributes
                0x00000307       0x39 ./Generated_Code/lpuart1.o
 .ARM.attributes
                0x00000340       0x39 ./Generated_Code/pdb0.o
 .ARM.attributes
                0x00000379       0x39 ./Generated_Code/pdb1.o
 .ARM.attributes
                0x000003b2       0x39 ./Generated_Code/pin_mux.o
 .ARM.attributes
                0x000003eb       0x39 ./Generated_Code/pwrMan1.o
 .ARM.attributes
                0x00000424       0x39 ./Generated_Code/trgmux1.o
 .ARM.attributes
                0x0000045d       0x1f ./Project_Settings/Startup_Code/startup_S32K144.o
 .ARM.attributes
                0x0000047c       0x39 ./SDK/platform/devices/S32K144/startup/system_S32K144.o
 .ARM.attributes
                0x000004b5       0x39 ./SDK/platform/devices/startup.o
 .ARM.attributes
                0x000004ee       0x39 ./SDK/platform/drivers/src/adc/adc_driver.o
 .ARM.attributes
                0x00000527       0x39 ./SDK/platform/drivers/src/clock/S32K1xx/clock_S32K1xx.o
 .ARM.attributes
                0x00000560       0x39 ./SDK/platform/drivers/src/edma/edma_driver.o
 .ARM.attributes
                0x00000599       0x39 ./SDK/platform/drivers/src/edma/edma_hw_access.o
 .ARM.attributes
                0x000005d2       0x39 ./SDK/platform/drivers/src/edma/edma_irq.o
 .ARM.attributes
                0x0000060b       0x39 ./SDK/platform/drivers/src/ftm/ftm_common.o
 .ARM.attributes
                0x00000644       0x39 ./SDK/platform/drivers/src/ftm/ftm_hw_access.o
 .ARM.attributes
                0x0000067d       0x39 ./SDK/platform/drivers/src/ftm/ftm_ic_driver.o
 .ARM.attributes
                0x000006b6       0x39 ./SDK/platform/drivers/src/ftm/ftm_pwm_driver.o
 .ARM.attributes
                0x000006ef       0x39 ./SDK/platform/drivers/src/interrupt/interrupt_manager.o
 .ARM.attributes
                0x00000728       0x39 ./SDK/platform/drivers/src/lpit/lpit_driver.o
 .ARM.attributes
                0x00000761       0x39 ./SDK/platform/drivers/src/lpspi/lpspi_hw_access.o
 .ARM.attributes
                0x0000079a       0x39 ./SDK/platform/drivers/src/lpspi/lpspi_irq.o
 .ARM.attributes
                0x000007d3       0x39 ./SDK/platform/drivers/src/lpspi/lpspi_master_driver.o
 .ARM.attributes
                0x0000080c       0x39 ./SDK/platform/drivers/src/lpspi/lpspi_shared_function.o
 .ARM.attributes
                0x00000845       0x39 ./SDK/platform/drivers/src/lpspi/lpspi_slave_driver.o
 .ARM.attributes
                0x0000087e       0x39 ./SDK/platform/drivers/src/lpuart/lpuart_driver.o
 .ARM.attributes
                0x000008b7       0x39 ./SDK/platform/drivers/src/lpuart/lpuart_hw_access.o
 .ARM.attributes
                0x000008f0       0x39 ./SDK/platform/drivers/src/lpuart/lpuart_irq.o
 .ARM.attributes
                0x00000929       0x39 ./SDK/platform/drivers/src/pdb/pdb_driver.o
 .ARM.attributes
                0x00000962       0x39 ./SDK/platform/drivers/src/pdb/pdb_hw_access.o
 .ARM.attributes
                0x0000099b       0x39 ./SDK/platform/drivers/src/pins/pins_driver.o
 .ARM.attributes
                0x000009d4       0x39 ./SDK/platform/drivers/src/pins/pins_port_hw_access.o
 .ARM.attributes
                0x00000a0d       0x39 ./SDK/platform/drivers/src/power/S32K1xx/power_manager_S32K1xx.o
 .ARM.attributes
                0x00000a46       0x39 ./SDK/platform/drivers/src/power/S32K1xx/power_smc_hw_access.o
 .ARM.attributes
                0x00000a7f       0x39 ./SDK/platform/drivers/src/power/power_manager.o
 .ARM.attributes
                0x00000ab8       0x39 ./SDK/platform/drivers/src/trgmux/trgmux_driver.o
 .ARM.attributes
                0x00000af1       0x39 ./SDK/platform/drivers/src/trgmux/trgmux_hw_access.o
 .ARM.attributes
                0x00000b2a       0x39 ./SDK/rtos/osif/osif_baremetal.o
 .ARM.attributes
                0x00000b63       0x39 ./Sources/GD3000/aml/spi_aml/spi_aml.o
 .ARM.attributes
                0x00000b9c       0x39 ./Sources/GD3000/aml/wait_aml/wait_aml.o
 .ARM.attributes
                0x00000bd5       0x39 ./Sources/GD3000/gd3000_init.o
 .ARM.attributes